ninja: Entering directory `build'
[1/4] Generating git_version.h with a custom command
[2/3] Compiling C++ object aegisub.p/src_dialog_search_replace.cpp.o
FAILED: [code=1] aegisub.p/src_dialog_search_replace.cpp.o 
c++ -Iaegisub.p -I. -I.. -I../libaegisub/include -Isrc/libresrc -I../src/libresrc -Isrc -I../src -Isubprojects/boost_1_83_0 -I../subprojects/boost_1_83_0 -I../subprojects/boost_1_83_0/libs/locale/src -Isubprojects/icu/source/common -I../subprojects/icu/source/common -Isubprojects/icu/source/i18n -I../subprojects/icu/source/i18n -I../subprojects/ffms2/include -Isubprojects/uchardet-0.0.8/src -I../subprojects/uchardet-0.0.8/src -Isubprojects/LuaJIT-04dca7911ea255f37be799c18d74c305b921c1a6/src -I../subprojects/LuaJIT-04dca7911ea255f37be799c18d74c305b921c1a6/src -I/opt/homebrew/include -I/opt/homebrew/include/fribidi -I/opt/homebrew/Cellar/harfbuzz/14.2.0/include/harfbuzz -I/opt/homebrew/Cellar/glib/2.88.1/include/glib-2.0 -I/opt/homebrew/Cellar/glib/2.88.1/lib/glib-2.0/include -I/opt/homebrew/opt/gettext/include -I/opt/homebrew/Cellar/pcre2/10.47_1/include -I/opt/homebrew/opt/graphite2/include -I/opt/homebrew/Cellar/fontconfig/2.17.1/include -I/opt/homebrew/opt/freetype/include/freetype2 -I/opt/homebrew/opt/libpng/include/libpng16 -I/opt/homebrew/lib/wx/include/osx_cocoa-unicode-3.3 -I/opt/homebrew/include/wx-3.3 -I/opt/homebrew/Cellar/hunspell/1.7.3/include/hunspell -fdiagnostics-color=always -D_LIBCPP_HARDENING_MODE=_LIBCPP_HARDENING_MODE_FAST -fpch-instantiate-templates -include-pch aegisub.p/agi_pre.h.pch -Wall -Winvalid-pch -Wextra -Wpedantic -std=c++20 -O2 -g -D_DEBUG -DGL_SILENCE_DEPRECATION -Wno-missing-template-arg-list-after-template-kw -D_FILE_OFFSET_BITS=64 -DwxDEBUG_LEVEL=0 -DWXUSINGDLL -D__WXMAC__ -D__WXOSX__ -D__WXOSX_COCOA__ -DBOOST_CHRONO_DYN_LINK=1 -DBOOST_ALL_NO_LIB=1 -MD -MQ aegisub.p/src_dialog_search_replace.cpp.o -MF aegisub.p/src_dialog_search_replace.cpp.o.d -o aegisub.p/src_dialog_search_replace.cpp.o -c ../src/dialog_search_replace.cpp
In file included from ../src/dialog_search_replace.cpp:22:
In file included from ../src/dialog_search_replace.h:29:
In file included from ../src/search_replace_engine.h:20:
In file included from ../subprojects/boost_1_83_0/boost/regex/icu.hpp:27:
In file included from ../subprojects/boost_1_83_0/boost/regex/v5/icu.hpp:24:
In file included from ../subprojects/icu/source/i18n/unicode/coll.h:65:
../subprojects/icu/source/common/unicode/uniset.h:490:19: warning: virtual method 'operator==' is inside a 'final' class and can never be overridden [-Wunnecessary-virtual-specifier]
  490 |     virtual UBool operator==(const UnicodeSet& o) const;
      |                   ^
../subprojects/icu/source/common/unicode/uniset.h:517:21: warning: virtual method 'hashCode' is inside a 'final' class and can never be overridden [-Wunnecessary-virtual-specifier]
  517 |     virtual int32_t hashCode(void) const;
      |                     ^
../subprojects/icu/source/common/unicode/uniset.h:779:21: warning: virtual method 'size' is inside a 'final' class and can never be overridden [-Wunnecessary-virtual-specifier]
  779 |     virtual int32_t size(void) const;
      |                     ^
../subprojects/icu/source/common/unicode/uniset.h:787:19: warning: virtual method 'isEmpty' is inside a 'final' class and can never be overridden [-Wunnecessary-virtual-specifier]
  787 |     virtual UBool isEmpty(void) const;
      |                   ^
../subprojects/icu/source/common/unicode/uniset.h:806:19: warning: virtual method 'contains' is inside a 'final' class and can never be overridden [-Wunnecessary-virtual-specifier]
  806 |     virtual UBool contains(UChar32 start, UChar32 end) const;
      |                   ^
../subprojects/icu/source/common/unicode/uniset.h:824:19: warning: virtual method 'containsAll' is inside a 'final' class and can never be overridden [-Wunnecessary-virtual-specifier]
  824 |     virtual UBool containsAll(const UnicodeSet& c) const;
      |                   ^
../subprojects/icu/source/common/unicode/uniset.h:1091:25: warning: virtual method 'add' is inside a 'final' class and can never be overridden [-Wunnecessary-virtual-specifier]
 1091 |     virtual UnicodeSet& add(UChar32 start, UChar32 end);
      |                         ^
../subprojects/icu/source/common/unicode/uniset.h:1199:25: warning: virtual method 'retain' is inside a 'final' class and can never be overridden [-Wunnecessary-virtual-specifier]
 1199 |     virtual UnicodeSet& retain(UChar32 start, UChar32 end);
      |                         ^
../subprojects/icu/source/common/unicode/uniset.h:1222:25: warning: virtual method 'remove' is inside a 'final' class and can never be overridden [-Wunnecessary-virtual-specifier]
 1222 |     virtual UnicodeSet& remove(UChar32 start, UChar32 end);
      |                         ^
../subprojects/icu/source/common/unicode/uniset.h:1251:25: warning: virtual method 'complement' is inside a 'final' class and can never be overridden [-Wunnecessary-virtual-specifier]
 1251 |     virtual UnicodeSet& complement(void);
      |                         ^
../subprojects/icu/source/common/unicode/uniset.h:1267:25: warning: virtual method 'complement' is inside a 'final' class and can never be overridden [-Wunnecessary-virtual-specifier]
 1267 |     virtual UnicodeSet& complement(UChar32 start, UChar32 end);
      |                         ^
../subprojects/icu/source/common/unicode/uniset.h:1302:25: warning: virtual method 'addAll' is inside a 'final' class and can never be overridden [-Wunnecessary-virtual-specifier]
 1302 |     virtual UnicodeSet& addAll(const UnicodeSet& c);
      |                         ^
../subprojects/icu/source/common/unicode/uniset.h:1315:25: warning: virtual method 'retainAll' is inside a 'final' class and can never be overridden [-Wunnecessary-virtual-specifier]
 1315 |     virtual UnicodeSet& retainAll(const UnicodeSet& c);
      |                         ^
../subprojects/icu/source/common/unicode/uniset.h:1328:25: warning: virtual method 'removeAll' is inside a 'final' class and can never be overridden [-Wunnecessary-virtual-specifier]
 1328 |     virtual UnicodeSet& removeAll(const UnicodeSet& c);
      |                         ^
../subprojects/icu/source/common/unicode/uniset.h:1340:25: warning: virtual method 'complementAll' is inside a 'final' class and can never be overridden [-Wunnecessary-virtual-specifier]
 1340 |     virtual UnicodeSet& complementAll(const UnicodeSet& c);
      |                         ^
../subprojects/icu/source/common/unicode/uniset.h:1348:25: warning: virtual method 'clear' is inside a 'final' class and can never be overridden [-Wunnecessary-virtual-specifier]
 1348 |     virtual UnicodeSet& clear(void);
      |                         ^
../subprojects/icu/source/common/unicode/uniset.h:1383:25: warning: virtual method 'removeAllStrings' is inside a 'final' class and can never be overridden [-Wunnecessary-virtual-specifier]
 1383 |     virtual UnicodeSet &removeAllStrings();
      |                         ^
../subprojects/icu/source/common/unicode/uniset.h:1392:21: warning: virtual method 'getRangeCount' is inside a 'final' class and can never be overridden [-Wunnecessary-virtual-specifier]
 1392 |     virtual int32_t getRangeCount(void) const;
      |                     ^
../subprojects/icu/source/common/unicode/uniset.h:1401:21: warning: virtual method 'getRangeStart' is inside a 'final' class and can never be overridden [-Wunnecessary-virtual-specifier]
 1401 |     virtual UChar32 getRangeStart(int32_t index) const;
      |                     ^
../subprojects/icu/source/common/unicode/uniset.h:1410:21: warning: virtual method 'getRangeEnd' is inside a 'final' class and can never be overridden [-Wunnecessary-virtual-specifier]
 1410 |     virtual UChar32 getRangeEnd(int32_t index) const;
      |                     ^
../subprojects/icu/source/common/unicode/uniset.h:1468:25: warning: virtual method 'compact' is inside a 'final' class and can never be overridden [-Wunnecessary-virtual-specifier]
 1468 |     virtual UnicodeSet& compact();
      |                         ^
In file included from ../src/dialog_search_replace.cpp:1:
In file included from /Users/pencil/Developer/Aegisub/build/../src/include/agi_pre.h:70:
In file included from /Applications/Xcode.app/Contents/Developer/Platforms/MacOSX.platform/Developer/SDKs/MacOSX.sdk/usr/include/c++/v1/algorithm:1915:
In file included from /Applications/Xcode.app/Contents/Developer/Platforms/MacOSX.platform/Developer/SDKs/MacOSX.sdk/usr/include/c++/v1/__algorithm/shuffle.h:16:
In file included from /Applications/Xcode.app/Contents/Developer/Platforms/MacOSX.platform/Developer/SDKs/MacOSX.sdk/usr/include/c++/v1/__random/uniform_int_distribution.h:20:
In file included from /Applications/Xcode.app/Contents/Developer/Platforms/MacOSX.platform/Developer/SDKs/MacOSX.sdk/usr/include/c++/v1/iosfwd:112:
In file included from /Applications/Xcode.app/Contents/Developer/Platforms/MacOSX.platform/Developer/SDKs/MacOSX.sdk/usr/include/c++/v1/__fwd/fstream.h:13:
/Applications/Xcode.app/Contents/Developer/Platforms/MacOSX.platform/Developer/SDKs/MacOSX.sdk/usr/include/c++/v1/__fwd/string.h:45:41: warning: 'char_traits<int>' is deprecated: char_traits<T> for T not equal to char, wchar_t, char8_t, char16_t or char32_t is non-standard and is provided for a temporary period. It will be removed in a future release, so please migrate off of it. [-Wdeprecated-declarations]
   45 | template <class _CharT, class _Traits = char_traits<_CharT>, class _Allocator = allocator<_CharT> >
      |                                         ^
/Users/pencil/Developer/Aegisub/build/../subprojects/boost_1_83_0/boost/regex/v5/basic_regex.hpp:464:9: note: in instantiation of default argument for 'basic_string<int>' required here
  464 |    std::basic_string<charT>  str()const
      |         ^~~~~~~~~~~~~~~~~~~
../subprojects/boost_1_83_0/boost/regex/v5/icu.hpp:649:17: note: in instantiation of template class 'boost::basic_regex<int, boost::icu_regex_traits>' requested here
  649 | inline u32regex do_make_u32regex(InputIterator i, 
      |                 ^
/Applications/Xcode.app/Contents/Developer/Platforms/MacOSX.platform/Developer/SDKs/MacOSX.sdk/usr/include/c++/v1/__fwd/string.h:24:8: note: 'char_traits<int>' has been explicitly marked deprecated here
   24 | struct _LIBCPP_DEPRECATED_(
      |        ^
/Applications/Xcode.app/Contents/Developer/Platforms/MacOSX.platform/Developer/SDKs/MacOSX.sdk/usr/include/c++/v1/__config:555:53: note: expanded from macro '_LIBCPP_DEPRECATED_'
  555 | #      define _LIBCPP_DEPRECATED_(m) __attribute__((__deprecated__(m)))
      |                                                     ^
In file included from ../src/dialog_search_replace.cpp:1:
In file included from /Users/pencil/Developer/Aegisub/build/../src/include/agi_pre.h:70:
In file included from /Applications/Xcode.app/Contents/Developer/Platforms/MacOSX.platform/Developer/SDKs/MacOSX.sdk/usr/include/c++/v1/algorithm:1915:
In file included from /Applications/Xcode.app/Contents/Developer/Platforms/MacOSX.platform/Developer/SDKs/MacOSX.sdk/usr/include/c++/v1/__algorithm/shuffle.h:16:
In file included from /Applications/Xcode.app/Contents/Developer/Platforms/MacOSX.platform/Developer/SDKs/MacOSX.sdk/usr/include/c++/v1/__random/uniform_int_distribution.h:20:
In file included from /Applications/Xcode.app/Contents/Developer/Platforms/MacOSX.platform/Developer/SDKs/MacOSX.sdk/usr/include/c++/v1/iosfwd:112:
In file included from /Applications/Xcode.app/Contents/Developer/Platforms/MacOSX.platform/Developer/SDKs/MacOSX.sdk/usr/include/c++/v1/__fwd/fstream.h:13:
/Applications/Xcode.app/Contents/Developer/Platforms/MacOSX.platform/Developer/SDKs/MacOSX.sdk/usr/include/c++/v1/__fwd/string.h:45:41: warning: 'char_traits<unsigned char>' is deprecated: char_traits<T> for T not equal to char, wchar_t, char8_t, char16_t or char32_t is non-standard and is provided for a temporary period. It will be removed in a future release, so please migrate off of it. [-Wdeprecated-declarations]
   45 | template <class _CharT, class _Traits = char_traits<_CharT>, class _Allocator = allocator<_CharT> >
      |                                         ^
/Users/pencil/Developer/Aegisub/build/../subprojects/boost_1_83_0/boost/regex/v5/match_results.hpp:57:26: note: in instantiation of default argument for 'basic_string<char_type>' required here
   57 |    typedef          std::basic_string<char_type>                            string_type;
      |                          ^~~~~~~~~~~~~~~~~~~~~~~
../subprojects/boost_1_83_0/boost/regex/v5/icu.hpp:937:40: note: in instantiation of template class 'boost::match_results<const unsigned char *>' requested here
  937 |    match_results<const unsigned char*> m;
      |                                        ^
/Applications/Xcode.app/Contents/Developer/Platforms/MacOSX.platform/Developer/SDKs/MacOSX.sdk/usr/include/c++/v1/__fwd/string.h:24:8: note: 'char_traits<unsigned char>' has been explicitly marked deprecated here
   24 | struct _LIBCPP_DEPRECATED_(
      |        ^
/Applications/Xcode.app/Contents/Developer/Platforms/MacOSX.platform/Developer/SDKs/MacOSX.sdk/usr/include/c++/v1/__config:555:53: note: expanded from macro '_LIBCPP_DEPRECATED_'
  555 | #      define _LIBCPP_DEPRECATED_(m) __attribute__((__deprecated__(m)))
      |                                                     ^
In file included from ../src/dialog_search_replace.cpp:1:
In file included from /Users/pencil/Developer/Aegisub/build/../src/include/agi_pre.h:70:
In file included from /Applications/Xcode.app/Contents/Developer/Platforms/MacOSX.platform/Developer/SDKs/MacOSX.sdk/usr/include/c++/v1/algorithm:1915:
In file included from /Applications/Xcode.app/Contents/Developer/Platforms/MacOSX.platform/Developer/SDKs/MacOSX.sdk/usr/include/c++/v1/__algorithm/shuffle.h:16:
In file included from /Applications/Xcode.app/Contents/Developer/Platforms/MacOSX.platform/Developer/SDKs/MacOSX.sdk/usr/include/c++/v1/__random/uniform_int_distribution.h:20:
In file included from /Applications/Xcode.app/Contents/Developer/Platforms/MacOSX.platform/Developer/SDKs/MacOSX.sdk/usr/include/c++/v1/iosfwd:112:
In file included from /Applications/Xcode.app/Contents/Developer/Platforms/MacOSX.platform/Developer/SDKs/MacOSX.sdk/usr/include/c++/v1/__fwd/fstream.h:13:
/Applications/Xcode.app/Contents/Developer/Platforms/MacOSX.platform/Developer/SDKs/MacOSX.sdk/usr/include/c++/v1/__fwd/string.h:45:41: warning: 'char_traits<unsigned char>' is deprecated: char_traits<T> for T not equal to char, wchar_t, char8_t, char16_t or char32_t is non-standard and is provided for a temporary period. It will be removed in a future release, so please migrate off of it. [-Wdeprecated-declarations]
   45 | template <class _CharT, class _Traits = char_traits<_CharT>, class _Allocator = allocator<_CharT> >
      |                                         ^
/Users/pencil/Developer/Aegisub/build/../subprojects/boost_1_83_0/boost/regex/v5/sub_match.hpp:47:9: note: in instantiation of default argument for 'basic_string<value_type>' required here
   47 |    std::basic_string<value_type> str()const
      |         ^~~~~~~~~~~~~~~~~~~~~~~~
/Users/pencil/Developer/Aegisub/build/../subprojects/boost_1_83_0/boost/regex/v5/match_results.hpp:553:28: note: in instantiation of template class 'boost::sub_match<const unsigned char *>' requested here
  553 |    sub_match<BidiIterator> m_null;                     // a null match
      |                            ^
../subprojects/boost_1_83_0/boost/regex/v5/icu.hpp:937:40: note: in instantiation of template class 'boost::match_results<const unsigned char *>' requested here
  937 |    match_results<const unsigned char*> m;
      |                                        ^
/Applications/Xcode.app/Contents/Developer/Platforms/MacOSX.platform/Developer/SDKs/MacOSX.sdk/usr/include/c++/v1/__fwd/string.h:24:8: note: 'char_traits<unsigned char>' has been explicitly marked deprecated here
   24 | struct _LIBCPP_DEPRECATED_(
      |        ^
/Applications/Xcode.app/Contents/Developer/Platforms/MacOSX.platform/Developer/SDKs/MacOSX.sdk/usr/include/c++/v1/__config:555:53: note: expanded from macro '_LIBCPP_DEPRECATED_'
  555 | #      define _LIBCPP_DEPRECATED_(m) __attribute__((__deprecated__(m)))
      |                                                     ^
In file included from ../src/dialog_search_replace.cpp:1:
In file included from /Users/pencil/Developer/Aegisub/build/../src/include/agi_pre.h:70:
In file included from /Applications/Xcode.app/Contents/Developer/Platforms/MacOSX.platform/Developer/SDKs/MacOSX.sdk/usr/include/c++/v1/algorithm:1915:
In file included from /Applications/Xcode.app/Contents/Developer/Platforms/MacOSX.platform/Developer/SDKs/MacOSX.sdk/usr/include/c++/v1/__algorithm/shuffle.h:16:
In file included from /Applications/Xcode.app/Contents/Developer/Platforms/MacOSX.platform/Developer/SDKs/MacOSX.sdk/usr/include/c++/v1/__random/uniform_int_distribution.h:20:
In file included from /Applications/Xcode.app/Contents/Developer/Platforms/MacOSX.platform/Developer/SDKs/MacOSX.sdk/usr/include/c++/v1/iosfwd:112:
In file included from /Applications/Xcode.app/Contents/Developer/Platforms/MacOSX.platform/Developer/SDKs/MacOSX.sdk/usr/include/c++/v1/__fwd/fstream.h:13:
/Applications/Xcode.app/Contents/Developer/Platforms/MacOSX.platform/Developer/SDKs/MacOSX.sdk/usr/include/c++/v1/__fwd/string.h:45:41: warning: 'char_traits<unsigned char>' is deprecated: char_traits<T> for T not equal to char, wchar_t, char8_t, char16_t or char32_t is non-standard and is provided for a temporary period. It will be removed in a future release, so please migrate off of it. [-Wdeprecated-declarations]
   45 | template <class _CharT, class _Traits = char_traits<_CharT>, class _Allocator = allocator<_CharT> >
      |                                         ^
/Users/pencil/Developer/Aegisub/build/../subprojects/boost_1_83_0/boost/regex/v5/sub_match.hpp:69:27: note: in instantiation of default argument for 'basic_string<value_type>' required here
   69 |    int compare(const std::basic_string<value_type>& s)const
      |                           ^~~~~~~~~~~~~~~~~~~~~~~~
/Users/pencil/Developer/Aegisub/build/../subprojects/boost_1_83_0/boost/regex/v5/match_results.hpp:553:28: note: in instantiation of template class 'boost::sub_match<const unsigned char *>' requested here
  553 |    sub_match<BidiIterator> m_null;                     // a null match
      |                            ^
../subprojects/boost_1_83_0/boost/regex/v5/icu.hpp:937:40: note: in instantiation of template class 'boost::match_results<const unsigned char *>' requested here
  937 |    match_results<const unsigned char*> m;
      |                                        ^
/Applications/Xcode.app/Contents/Developer/Platforms/MacOSX.platform/Developer/SDKs/MacOSX.sdk/usr/include/c++/v1/__fwd/string.h:24:8: note: 'char_traits<unsigned char>' has been explicitly marked deprecated here
   24 | struct _LIBCPP_DEPRECATED_(
      |        ^
/Applications/Xcode.app/Contents/Developer/Platforms/MacOSX.platform/Developer/SDKs/MacOSX.sdk/usr/include/c++/v1/__config:555:53: note: expanded from macro '_LIBCPP_DEPRECATED_'
  555 | #      define _LIBCPP_DEPRECATED_(m) __attribute__((__deprecated__(m)))
      |                                                     ^
../src/dialog_search_replace.cpp:198:8: error: use of undeclared identifier 'has_replace'
  198 |                         if (has_replace)
      |                             ^~~~~~~~~~~
In file included from ../src/dialog_search_replace.cpp:1:
In file included from /Users/pencil/Developer/Aegisub/build/../src/include/agi_pre.h:70:
In file included from /Applications/Xcode.app/Contents/Developer/Platforms/MacOSX.platform/Developer/SDKs/MacOSX.sdk/usr/include/c++/v1/algorithm:1915:
In file included from /Applications/Xcode.app/Contents/Developer/Platforms/MacOSX.platform/Developer/SDKs/MacOSX.sdk/usr/include/c++/v1/__algorithm/shuffle.h:16:
In file included from /Applications/Xcode.app/Contents/Developer/Platforms/MacOSX.platform/Developer/SDKs/MacOSX.sdk/usr/include/c++/v1/__random/uniform_int_distribution.h:20:
In file included from /Applications/Xcode.app/Contents/Developer/Platforms/MacOSX.platform/Developer/SDKs/MacOSX.sdk/usr/include/c++/v1/iosfwd:112:
In file included from /Applications/Xcode.app/Contents/Developer/Platforms/MacOSX.platform/Developer/SDKs/MacOSX.sdk/usr/include/c++/v1/__fwd/fstream.h:13:
/Applications/Xcode.app/Contents/Developer/Platforms/MacOSX.platform/Developer/SDKs/MacOSX.sdk/usr/include/c++/v1/__fwd/string.h:45:41: warning: 'char_traits<int>' is deprecated: char_traits<T> for T not equal to char, wchar_t, char8_t, char16_t or char32_t is non-standard and is provided for a temporary period. It will be removed in a future release, so please migrate off of it. [-Wdeprecated-declarations]
   45 | template <class _CharT, class _Traits = char_traits<_CharT>, class _Allocator = allocator<_CharT> >
      |                                         ^
/Users/pencil/Developer/Aegisub/build/../subprojects/boost_1_83_0/boost/regex/v5/basic_regex.hpp:233:9: note: in instantiation of default argument for 'basic_string<int>' required here
  233 |    std::basic_string<charT>  str()const
      |         ^~~~~~~~~~~~~~~~~~~
/Users/pencil/Developer/Aegisub/build/../subprojects/boost_1_83_0/boost/regex/v5/basic_regex.hpp:640:101: note: in instantiation of template class 'boost::re_detail_500::basic_regex_implementation<int, boost::icu_regex_traits>' requested here
  640 |       temp = std::shared_ptr<BOOST_REGEX_DETAIL_NS::basic_regex_implementation<charT, traits> >(new BOOST_REGEX_DETAIL_NS::basic_regex_implementation<charT, traits>());
      |                                                                                                     ^
/Users/pencil/Developer/Aegisub/build/../subprojects/boost_1_83_0/boost/regex/config.hpp:158:31: note: expanded from macro 'BOOST_REGEX_DETAIL_NS'
  158 | #define BOOST_REGEX_DETAIL_NS BOOST_REGEX_JOIN(re_detail_, BOOST_RE_VERSION)
      |                               ^
/Users/pencil/Developer/Aegisub/build/../subprojects/boost_1_83_0/boost/regex/config.hpp:122:32: note: expanded from macro 'BOOST_REGEX_JOIN'
  122 | #define BOOST_REGEX_JOIN(X, Y) BOOST_REGEX_DO_JOIN(X, Y)
      |                                ^
/Users/pencil/Developer/Aegisub/build/../subprojects/boost_1_83_0/boost/regex/config.hpp:123:35: note: expanded from macro 'BOOST_REGEX_DO_JOIN'
  123 | #define BOOST_REGEX_DO_JOIN(X, Y) BOOST_REGEX_DO_JOIN2(X,Y)
      |                                   ^
/Users/pencil/Developer/Aegisub/build/../subprojects/boost_1_83_0/boost/regex/config.hpp:124:36: note: expanded from macro 'BOOST_REGEX_DO_JOIN2'
  124 | #define BOOST_REGEX_DO_JOIN2(X, Y) X##Y
      |                                    ^
<scratch space>:178:1: note: expanded from here
  178 | re_detail_500
      | ^
/Users/pencil/Developer/Aegisub/build/../subprojects/boost_1_83_0/boost/regex/v5/basic_regex.hpp:387:14: note: in instantiation of member function 'boost::basic_regex<int, boost::icu_regex_traits>::do_assign' requested here
  387 |       return do_assign(p1, p2, f);
      |              ^
/Users/pencil/Developer/Aegisub/build/../subprojects/boost_1_83_0/boost/regex/v5/basic_regex.hpp:408:10: note: in instantiation of member function 'boost::basic_regex<int, boost::icu_regex_traits>::assign' requested here
  408 |          assign(static_cast<const charT*>(&*a.begin()), static_cast<const charT*>(&*a.begin() + a.size()), f);
      |          ^
../subprojects/boost_1_83_0/boost/regex/v5/icu.hpp:655:11: note: in instantiation of function template specialization 'boost::basic_regex<int, boost::icu_regex_traits>::basic_regex<boost::u8_to_u32_iterator<const char *, int>>' requested here
  655 |    return u32regex(conv_type(i, i, j), conv_type(j, i, j), opt);
      |           ^
../subprojects/boost_1_83_0/boost/regex/v5/icu.hpp:721:34: note: in instantiation of function template specialization 'boost::re_detail_500::do_make_u32regex<const char *>' requested here
  721 |    return BOOST_REGEX_DETAIL_NS::do_make_u32regex(p, p + std::strlen(p), opt, static_cast<std::integral_constant<int, 1> const*>(0));
      |                                  ^
/Applications/Xcode.app/Contents/Developer/Platforms/MacOSX.platform/Developer/SDKs/MacOSX.sdk/usr/include/c++/v1/__fwd/string.h:24:8: note: 'char_traits<int>' has been explicitly marked deprecated here
   24 | struct _LIBCPP_DEPRECATED_(
      |        ^
/Applications/Xcode.app/Contents/Developer/Platforms/MacOSX.platform/Developer/SDKs/MacOSX.sdk/usr/include/c++/v1/__config:555:53: note: expanded from macro '_LIBCPP_DEPRECATED_'
  555 | #      define _LIBCPP_DEPRECATED_(m) __attribute__((__deprecated__(m)))
      |                                                     ^
In file included from ../src/dialog_search_replace.cpp:1:
In file included from /Users/pencil/Developer/Aegisub/build/../src/include/agi_pre.h:70:
In file included from /Applications/Xcode.app/Contents/Developer/Platforms/MacOSX.platform/Developer/SDKs/MacOSX.sdk/usr/include/c++/v1/algorithm:1915:
In file included from /Applications/Xcode.app/Contents/Developer/Platforms/MacOSX.platform/Developer/SDKs/MacOSX.sdk/usr/include/c++/v1/__algorithm/shuffle.h:16:
In file included from /Applications/Xcode.app/Contents/Developer/Platforms/MacOSX.platform/Developer/SDKs/MacOSX.sdk/usr/include/c++/v1/__random/uniform_int_distribution.h:20:
In file included from /Applications/Xcode.app/Contents/Developer/Platforms/MacOSX.platform/Developer/SDKs/MacOSX.sdk/usr/include/c++/v1/iosfwd:112:
In file included from /Applications/Xcode.app/Contents/Developer/Platforms/MacOSX.platform/Developer/SDKs/MacOSX.sdk/usr/include/c++/v1/__fwd/fstream.h:13:
/Applications/Xcode.app/Contents/Developer/Platforms/MacOSX.platform/Developer/SDKs/MacOSX.sdk/usr/include/c++/v1/__fwd/string.h:45:41: warning: 'char_traits<int>' is deprecated: char_traits<T> for T not equal to char, wchar_t, char8_t, char16_t or char32_t is non-standard and is provided for a temporary period. It will be removed in a future release, so please migrate off of it. [-Wdeprecated-declarations]
   45 | template <class _CharT, class _Traits = char_traits<_CharT>, class _Allocator = allocator<_CharT> >
      |                                         ^
/Users/pencil/Developer/Aegisub/build/../subprojects/boost_1_83_0/boost/regex/v5/match_results.hpp:57:26: note: in instantiation of default argument for 'basic_string<char_type>' required here
   57 |    typedef          std::basic_string<char_type>                            string_type;
      |                          ^~~~~~~~~~~~~~~~~~~~~~~
../subprojects/boost_1_83_0/boost/regex/v5/icu.hpp:814:15: note: in instantiation of template class 'boost::match_results<boost::u16_to_u32_iterator<const char16_t *, int>>' requested here
  814 |    match_type what;
      |               ^
../subprojects/boost_1_83_0/boost/regex/v5/icu.hpp:851:34: note: in instantiation of function template specialization 'boost::re_detail_500::do_regex_match<const char16_t *, std::allocator<boost::sub_match<const char16_t *>>>' requested here
  851 |    return BOOST_REGEX_DETAIL_NS::do_regex_match(p, p+u_strlen(p), m, e, flags, static_cast<std::integral_constant<int, 2> const*>(0));
      |                                  ^
/Applications/Xcode.app/Contents/Developer/Platforms/MacOSX.platform/Developer/SDKs/MacOSX.sdk/usr/include/c++/v1/__fwd/string.h:24:8: note: 'char_traits<int>' has been explicitly marked deprecated here
   24 | struct _LIBCPP_DEPRECATED_(
      |        ^
/Applications/Xcode.app/Contents/Developer/Platforms/MacOSX.platform/Developer/SDKs/MacOSX.sdk/usr/include/c++/v1/__config:555:53: note: expanded from macro '_LIBCPP_DEPRECATED_'
  555 | #      define _LIBCPP_DEPRECATED_(m) __attribute__((__deprecated__(m)))
      |                                                     ^
In file included from ../src/dialog_search_replace.cpp:1:
In file included from /Users/pencil/Developer/Aegisub/build/../src/include/agi_pre.h:70:
In file included from /Applications/Xcode.app/Contents/Developer/Platforms/MacOSX.platform/Developer/SDKs/MacOSX.sdk/usr/include/c++/v1/algorithm:1915:
In file included from /Applications/Xcode.app/Contents/Developer/Platforms/MacOSX.platform/Developer/SDKs/MacOSX.sdk/usr/include/c++/v1/__algorithm/shuffle.h:16:
In file included from /Applications/Xcode.app/Contents/Developer/Platforms/MacOSX.platform/Developer/SDKs/MacOSX.sdk/usr/include/c++/v1/__random/uniform_int_distribution.h:20:
In file included from /Applications/Xcode.app/Contents/Developer/Platforms/MacOSX.platform/Developer/SDKs/MacOSX.sdk/usr/include/c++/v1/iosfwd:112:
In file included from /Applications/Xcode.app/Contents/Developer/Platforms/MacOSX.platform/Developer/SDKs/MacOSX.sdk/usr/include/c++/v1/__fwd/fstream.h:13:
/Applications/Xcode.app/Contents/Developer/Platforms/MacOSX.platform/Developer/SDKs/MacOSX.sdk/usr/include/c++/v1/__fwd/string.h:45:41: warning: 'char_traits<int>' is deprecated: char_traits<T> for T not equal to char, wchar_t, char8_t, char16_t or char32_t is non-standard and is provided for a temporary period. It will be removed in a future release, so please migrate off of it. [-Wdeprecated-declarations]
   45 | template <class _CharT, class _Traits = char_traits<_CharT>, class _Allocator = allocator<_CharT> >
      |                                         ^
/Users/pencil/Developer/Aegisub/build/../subprojects/boost_1_83_0/boost/regex/v5/sub_match.hpp:47:9: note: in instantiation of default argument for 'basic_string<value_type>' required here
   47 |    std::basic_string<value_type> str()const
      |         ^~~~~~~~~~~~~~~~~~~~~~~~
/Users/pencil/Developer/Aegisub/build/../subprojects/boost_1_83_0/boost/regex/v5/match_results.hpp:553:28: note: in instantiation of template class 'boost::sub_match<boost::u16_to_u32_iterator<const char16_t *, int>>' requested here
  553 |    sub_match<BidiIterator> m_null;                     // a null match
      |                            ^
../subprojects/boost_1_83_0/boost/regex/v5/icu.hpp:814:15: note: in instantiation of template class 'boost::match_results<boost::u16_to_u32_iterator<const char16_t *, int>>' requested here
  814 |    match_type what;
      |               ^
../subprojects/boost_1_83_0/boost/regex/v5/icu.hpp:851:34: note: in instantiation of function template specialization 'boost::re_detail_500::do_regex_match<const char16_t *, std::allocator<boost::sub_match<const char16_t *>>>' requested here
  851 |    return BOOST_REGEX_DETAIL_NS::do_regex_match(p, p+u_strlen(p), m, e, flags, static_cast<std::integral_constant<int, 2> const*>(0));
      |                                  ^
/Applications/Xcode.app/Contents/Developer/Platforms/MacOSX.platform/Developer/SDKs/MacOSX.sdk/usr/include/c++/v1/__fwd/string.h:24:8: note: 'char_traits<int>' has been explicitly marked deprecated here
   24 | struct _LIBCPP_DEPRECATED_(
      |        ^
/Applications/Xcode.app/Contents/Developer/Platforms/MacOSX.platform/Developer/SDKs/MacOSX.sdk/usr/include/c++/v1/__config:555:53: note: expanded from macro '_LIBCPP_DEPRECATED_'
  555 | #      define _LIBCPP_DEPRECATED_(m) __attribute__((__deprecated__(m)))
      |                                                     ^
In file included from ../src/dialog_search_replace.cpp:1:
In file included from /Users/pencil/Developer/Aegisub/build/../src/include/agi_pre.h:70:
In file included from /Applications/Xcode.app/Contents/Developer/Platforms/MacOSX.platform/Developer/SDKs/MacOSX.sdk/usr/include/c++/v1/algorithm:1915:
In file included from /Applications/Xcode.app/Contents/Developer/Platforms/MacOSX.platform/Developer/SDKs/MacOSX.sdk/usr/include/c++/v1/__algorithm/shuffle.h:16:
In file included from /Applications/Xcode.app/Contents/Developer/Platforms/MacOSX.platform/Developer/SDKs/MacOSX.sdk/usr/include/c++/v1/__random/uniform_int_distribution.h:20:
In file included from /Applications/Xcode.app/Contents/Developer/Platforms/MacOSX.platform/Developer/SDKs/MacOSX.sdk/usr/include/c++/v1/iosfwd:112:
In file included from /Applications/Xcode.app/Contents/Developer/Platforms/MacOSX.platform/Developer/SDKs/MacOSX.sdk/usr/include/c++/v1/__fwd/fstream.h:13:
/Applications/Xcode.app/Contents/Developer/Platforms/MacOSX.platform/Developer/SDKs/MacOSX.sdk/usr/include/c++/v1/__fwd/string.h:45:41: warning: 'char_traits<int>' is deprecated: char_traits<T> for T not equal to char, wchar_t, char8_t, char16_t or char32_t is non-standard and is provided for a temporary period. It will be removed in a future release, so please migrate off of it. [-Wdeprecated-declarations]
   45 | template <class _CharT, class _Traits = char_traits<_CharT>, class _Allocator = allocator<_CharT> >
      |                                         ^
/Users/pencil/Developer/Aegisub/build/../subprojects/boost_1_83_0/boost/regex/v5/sub_match.hpp:69:27: note: in instantiation of default argument for 'basic_string<value_type>' required here
   69 |    int compare(const std::basic_string<value_type>& s)const
      |                           ^~~~~~~~~~~~~~~~~~~~~~~~
/Users/pencil/Developer/Aegisub/build/../subprojects/boost_1_83_0/boost/regex/v5/match_results.hpp:553:28: note: in instantiation of template class 'boost::sub_match<boost::u16_to_u32_iterator<const char16_t *, int>>' requested here
  553 |    sub_match<BidiIterator> m_null;                     // a null match
      |                            ^
../subprojects/boost_1_83_0/boost/regex/v5/icu.hpp:814:15: note: in instantiation of template class 'boost::match_results<boost::u16_to_u32_iterator<const char16_t *, int>>' requested here
  814 |    match_type what;
      |               ^
../subprojects/boost_1_83_0/boost/regex/v5/icu.hpp:851:34: note: in instantiation of function template specialization 'boost::re_detail_500::do_regex_match<const char16_t *, std::allocator<boost::sub_match<const char16_t *>>>' requested here
  851 |    return BOOST_REGEX_DETAIL_NS::do_regex_match(p, p+u_strlen(p), m, e, flags, static_cast<std::integral_constant<int, 2> const*>(0));
      |                                  ^
/Applications/Xcode.app/Contents/Developer/Platforms/MacOSX.platform/Developer/SDKs/MacOSX.sdk/usr/include/c++/v1/__fwd/string.h:24:8: note: 'char_traits<int>' has been explicitly marked deprecated here
   24 | struct _LIBCPP_DEPRECATED_(
      |        ^
/Applications/Xcode.app/Contents/Developer/Platforms/MacOSX.platform/Developer/SDKs/MacOSX.sdk/usr/include/c++/v1/__config:555:53: note: expanded from macro '_LIBCPP_DEPRECATED_'
  555 | #      define _LIBCPP_DEPRECATED_(m) __attribute__((__deprecated__(m)))
      |                                                     ^
In file included from ../src/dialog_search_replace.cpp:1:
In file included from /Users/pencil/Developer/Aegisub/build/../src/include/agi_pre.h:70:
In file included from /Applications/Xcode.app/Contents/Developer/Platforms/MacOSX.platform/Developer/SDKs/MacOSX.sdk/usr/include/c++/v1/algorithm:1915:
In file included from /Applications/Xcode.app/Contents/Developer/Platforms/MacOSX.platform/Developer/SDKs/MacOSX.sdk/usr/include/c++/v1/__algorithm/shuffle.h:16:
In file included from /Applications/Xcode.app/Contents/Developer/Platforms/MacOSX.platform/Developer/SDKs/MacOSX.sdk/usr/include/c++/v1/__random/uniform_int_distribution.h:20:
In file included from /Applications/Xcode.app/Contents/Developer/Platforms/MacOSX.platform/Developer/SDKs/MacOSX.sdk/usr/include/c++/v1/iosfwd:112:
In file included from /Applications/Xcode.app/Contents/Developer/Platforms/MacOSX.platform/Developer/SDKs/MacOSX.sdk/usr/include/c++/v1/__fwd/fstream.h:13:
/Applications/Xcode.app/Contents/Developer/Platforms/MacOSX.platform/Developer/SDKs/MacOSX.sdk/usr/include/c++/v1/__fwd/string.h:45:41: warning: 'char_traits<int>' is deprecated: char_traits<T> for T not equal to char, wchar_t, char8_t, char16_t or char32_t is non-standard and is provided for a temporary period. It will be removed in a future release, so please migrate off of it. [-Wdeprecated-declarations]
   45 | template <class _CharT, class _Traits = char_traits<_CharT>, class _Allocator = allocator<_CharT> >
      |                                         ^
/Users/pencil/Developer/Aegisub/build/../subprojects/boost_1_83_0/boost/regex/v5/match_results.hpp:57:26: note: in instantiation of default argument for 'basic_string<char_type>' required here
   57 |    typedef          std::basic_string<char_type>                            string_type;
      |                          ^~~~~~~~~~~~~~~~~~~~~~~
../subprojects/boost_1_83_0/boost/regex/v5/icu.hpp:830:15: note: in instantiation of template class 'boost::match_results<boost::u8_to_u32_iterator<const char *, int>>' requested here
  830 |    match_type what;
      |               ^
../subprojects/boost_1_83_0/boost/regex/v5/icu.hpp:867:34: note: in instantiation of function template specialization 'boost::re_detail_500::do_regex_match<const char *, std::allocator<boost::sub_match<const char *>>>' requested here
  867 |    return BOOST_REGEX_DETAIL_NS::do_regex_match(p, p+std::strlen(p), m, e, flags, static_cast<std::integral_constant<int, 1> const*>(0));
      |                                  ^
/Applications/Xcode.app/Contents/Developer/Platforms/MacOSX.platform/Developer/SDKs/MacOSX.sdk/usr/include/c++/v1/__fwd/string.h:24:8: note: 'char_traits<int>' has been explicitly marked deprecated here
   24 | struct _LIBCPP_DEPRECATED_(
      |        ^
/Applications/Xcode.app/Contents/Developer/Platforms/MacOSX.platform/Developer/SDKs/MacOSX.sdk/usr/include/c++/v1/__config:555:53: note: expanded from macro '_LIBCPP_DEPRECATED_'
  555 | #      define _LIBCPP_DEPRECATED_(m) __attribute__((__deprecated__(m)))
      |                                                     ^
In file included from ../src/dialog_search_replace.cpp:1:
In file included from /Users/pencil/Developer/Aegisub/build/../src/include/agi_pre.h:70:
In file included from /Applications/Xcode.app/Contents/Developer/Platforms/MacOSX.platform/Developer/SDKs/MacOSX.sdk/usr/include/c++/v1/algorithm:1915:
In file included from /Applications/Xcode.app/Contents/Developer/Platforms/MacOSX.platform/Developer/SDKs/MacOSX.sdk/usr/include/c++/v1/__algorithm/shuffle.h:16:
In file included from /Applications/Xcode.app/Contents/Developer/Platforms/MacOSX.platform/Developer/SDKs/MacOSX.sdk/usr/include/c++/v1/__random/uniform_int_distribution.h:20:
In file included from /Applications/Xcode.app/Contents/Developer/Platforms/MacOSX.platform/Developer/SDKs/MacOSX.sdk/usr/include/c++/v1/iosfwd:112:
In file included from /Applications/Xcode.app/Contents/Developer/Platforms/MacOSX.platform/Developer/SDKs/MacOSX.sdk/usr/include/c++/v1/__fwd/fstream.h:13:
/Applications/Xcode.app/Contents/Developer/Platforms/MacOSX.platform/Developer/SDKs/MacOSX.sdk/usr/include/c++/v1/__fwd/string.h:45:41: warning: 'char_traits<int>' is deprecated: char_traits<T> for T not equal to char, wchar_t, char8_t, char16_t or char32_t is non-standard and is provided for a temporary period. It will be removed in a future release, so please migrate off of it. [-Wdeprecated-declarations]
   45 | template <class _CharT, class _Traits = char_traits<_CharT>, class _Allocator = allocator<_CharT> >
      |                                         ^
/Users/pencil/Developer/Aegisub/build/../subprojects/boost_1_83_0/boost/regex/v5/sub_match.hpp:47:9: note: in instantiation of default argument for 'basic_string<value_type>' required here
   47 |    std::basic_string<value_type> str()const
      |         ^~~~~~~~~~~~~~~~~~~~~~~~
/Users/pencil/Developer/Aegisub/build/../subprojects/boost_1_83_0/boost/regex/v5/match_results.hpp:553:28: note: in instantiation of template class 'boost::sub_match<boost::u8_to_u32_iterator<const char *, int>>' requested here
  553 |    sub_match<BidiIterator> m_null;                     // a null match
      |                            ^
../subprojects/boost_1_83_0/boost/regex/v5/icu.hpp:830:15: note: in instantiation of template class 'boost::match_results<boost::u8_to_u32_iterator<const char *, int>>' requested here
  830 |    match_type what;
      |               ^
../subprojects/boost_1_83_0/boost/regex/v5/icu.hpp:867:34: note: in instantiation of function template specialization 'boost::re_detail_500::do_regex_match<const char *, std::allocator<boost::sub_match<const char *>>>' requested here
  867 |    return BOOST_REGEX_DETAIL_NS::do_regex_match(p, p+std::strlen(p), m, e, flags, static_cast<std::integral_constant<int, 1> const*>(0));
      |                                  ^
/Applications/Xcode.app/Contents/Developer/Platforms/MacOSX.platform/Developer/SDKs/MacOSX.sdk/usr/include/c++/v1/__fwd/string.h:24:8: note: 'char_traits<int>' has been explicitly marked deprecated here
   24 | struct _LIBCPP_DEPRECATED_(
      |        ^
/Applications/Xcode.app/Contents/Developer/Platforms/MacOSX.platform/Developer/SDKs/MacOSX.sdk/usr/include/c++/v1/__config:555:53: note: expanded from macro '_LIBCPP_DEPRECATED_'
  555 | #      define _LIBCPP_DEPRECATED_(m) __attribute__((__deprecated__(m)))
      |                                                     ^
In file included from ../src/dialog_search_replace.cpp:1:
In file included from /Users/pencil/Developer/Aegisub/build/../src/include/agi_pre.h:70:
In file included from /Applications/Xcode.app/Contents/Developer/Platforms/MacOSX.platform/Developer/SDKs/MacOSX.sdk/usr/include/c++/v1/algorithm:1915:
In file included from /Applications/Xcode.app/Contents/Developer/Platforms/MacOSX.platform/Developer/SDKs/MacOSX.sdk/usr/include/c++/v1/__algorithm/shuffle.h:16:
In file included from /Applications/Xcode.app/Contents/Developer/Platforms/MacOSX.platform/Developer/SDKs/MacOSX.sdk/usr/include/c++/v1/__random/uniform_int_distribution.h:20:
In file included from /Applications/Xcode.app/Contents/Developer/Platforms/MacOSX.platform/Developer/SDKs/MacOSX.sdk/usr/include/c++/v1/iosfwd:112:
In file included from /Applications/Xcode.app/Contents/Developer/Platforms/MacOSX.platform/Developer/SDKs/MacOSX.sdk/usr/include/c++/v1/__fwd/fstream.h:13:
/Applications/Xcode.app/Contents/Developer/Platforms/MacOSX.platform/Developer/SDKs/MacOSX.sdk/usr/include/c++/v1/__fwd/string.h:45:41: warning: 'char_traits<int>' is deprecated: char_traits<T> for T not equal to char, wchar_t, char8_t, char16_t or char32_t is non-standard and is provided for a temporary period. It will be removed in a future release, so please migrate off of it. [-Wdeprecated-declarations]
   45 | template <class _CharT, class _Traits = char_traits<_CharT>, class _Allocator = allocator<_CharT> >
      |                                         ^
/Users/pencil/Developer/Aegisub/build/../subprojects/boost_1_83_0/boost/regex/v5/sub_match.hpp:69:27: note: in instantiation of default argument for 'basic_string<value_type>' required here
   69 |    int compare(const std::basic_string<value_type>& s)const
      |                           ^~~~~~~~~~~~~~~~~~~~~~~~
/Users/pencil/Developer/Aegisub/build/../subprojects/boost_1_83_0/boost/regex/v5/match_results.hpp:553:28: note: in instantiation of template class 'boost::sub_match<boost::u8_to_u32_iterator<const char *, int>>' requested here
  553 |    sub_match<BidiIterator> m_null;                     // a null match
      |                            ^
../subprojects/boost_1_83_0/boost/regex/v5/icu.hpp:830:15: note: in instantiation of template class 'boost::match_results<boost::u8_to_u32_iterator<const char *, int>>' requested here
  830 |    match_type what;
      |               ^
../subprojects/boost_1_83_0/boost/regex/v5/icu.hpp:867:34: note: in instantiation of function template specialization 'boost::re_detail_500::do_regex_match<const char *, std::allocator<boost::sub_match<const char *>>>' requested here
  867 |    return BOOST_REGEX_DETAIL_NS::do_regex_match(p, p+std::strlen(p), m, e, flags, static_cast<std::integral_constant<int, 1> const*>(0));
      |                                  ^
/Applications/Xcode.app/Contents/Developer/Platforms/MacOSX.platform/Developer/SDKs/MacOSX.sdk/usr/include/c++/v1/__fwd/string.h:24:8: note: 'char_traits<int>' has been explicitly marked deprecated here
   24 | struct _LIBCPP_DEPRECATED_(
      |        ^
/Applications/Xcode.app/Contents/Developer/Platforms/MacOSX.platform/Developer/SDKs/MacOSX.sdk/usr/include/c++/v1/__config:555:53: note: expanded from macro '_LIBCPP_DEPRECATED_'
  555 | #      define _LIBCPP_DEPRECATED_(m) __attribute__((__deprecated__(m)))
      |                                                     ^
In file included from ../src/dialog_search_replace.cpp:1:
In file included from /Users/pencil/Developer/Aegisub/build/../src/include/agi_pre.h:70:
In file included from /Applications/Xcode.app/Contents/Developer/Platforms/MacOSX.platform/Developer/SDKs/MacOSX.sdk/usr/include/c++/v1/algorithm:1915:
In file included from /Applications/Xcode.app/Contents/Developer/Platforms/MacOSX.platform/Developer/SDKs/MacOSX.sdk/usr/include/c++/v1/__algorithm/shuffle.h:16:
In file included from /Applications/Xcode.app/Contents/Developer/Platforms/MacOSX.platform/Developer/SDKs/MacOSX.sdk/usr/include/c++/v1/__random/uniform_int_distribution.h:20:
In file included from /Applications/Xcode.app/Contents/Developer/Platforms/MacOSX.platform/Developer/SDKs/MacOSX.sdk/usr/include/c++/v1/iosfwd:112:
In file included from /Applications/Xcode.app/Contents/Developer/Platforms/MacOSX.platform/Developer/SDKs/MacOSX.sdk/usr/include/c++/v1/__fwd/fstream.h:13:
/Applications/Xcode.app/Contents/Developer/Platforms/MacOSX.platform/Developer/SDKs/MacOSX.sdk/usr/include/c++/v1/__fwd/string.h:45:41: warning: 'char_traits<int>' is deprecated: char_traits<T> for T not equal to char, wchar_t, char8_t, char16_t or char32_t is non-standard and is provided for a temporary period. It will be removed in a future release, so please migrate off of it. [-Wdeprecated-declarations]
   45 | template <class _CharT, class _Traits = char_traits<_CharT>, class _Allocator = allocator<_CharT> >
      |                                         ^
/Users/pencil/Developer/Aegisub/build/../subprojects/boost_1_83_0/boost/regex/v5/match_results.hpp:57:26: note: in instantiation of default argument for 'basic_string<char_type>' required here
   57 |    typedef          std::basic_string<char_type>                            string_type;
      |                          ^~~~~~~~~~~~~~~~~~~~~~~
../subprojects/boost_1_83_0/boost/regex/v5/icu.hpp:830:15: note: in instantiation of template class 'boost::match_results<boost::u8_to_u32_iterator<const unsigned char *, int>>' requested here
  830 |    match_type what;
      |               ^
../subprojects/boost_1_83_0/boost/regex/v5/icu.hpp:874:34: note: in instantiation of function template specialization 'boost::re_detail_500::do_regex_match<const unsigned char *, std::allocator<boost::sub_match<const unsigned char *>>>' requested here
  874 |    return BOOST_REGEX_DETAIL_NS::do_regex_match(p, p+std::strlen((const char*)p), m, e, flags, static_cast<std::integral_constant<int, 1> const*>(0));
      |                                  ^
/Applications/Xcode.app/Contents/Developer/Platforms/MacOSX.platform/Developer/SDKs/MacOSX.sdk/usr/include/c++/v1/__fwd/string.h:24:8: note: 'char_traits<int>' has been explicitly marked deprecated here
   24 | struct _LIBCPP_DEPRECATED_(
      |        ^
/Applications/Xcode.app/Contents/Developer/Platforms/MacOSX.platform/Developer/SDKs/MacOSX.sdk/usr/include/c++/v1/__config:555:53: note: expanded from macro '_LIBCPP_DEPRECATED_'
  555 | #      define _LIBCPP_DEPRECATED_(m) __attribute__((__deprecated__(m)))
      |                                                     ^
In file included from ../src/dialog_search_replace.cpp:1:
In file included from /Users/pencil/Developer/Aegisub/build/../src/include/agi_pre.h:70:
In file included from /Applications/Xcode.app/Contents/Developer/Platforms/MacOSX.platform/Developer/SDKs/MacOSX.sdk/usr/include/c++/v1/algorithm:1915:
In file included from /Applications/Xcode.app/Contents/Developer/Platforms/MacOSX.platform/Developer/SDKs/MacOSX.sdk/usr/include/c++/v1/__algorithm/shuffle.h:16:
In file included from /Applications/Xcode.app/Contents/Developer/Platforms/MacOSX.platform/Developer/SDKs/MacOSX.sdk/usr/include/c++/v1/__random/uniform_int_distribution.h:20:
In file included from /Applications/Xcode.app/Contents/Developer/Platforms/MacOSX.platform/Developer/SDKs/MacOSX.sdk/usr/include/c++/v1/iosfwd:112:
In file included from /Applications/Xcode.app/Contents/Developer/Platforms/MacOSX.platform/Developer/SDKs/MacOSX.sdk/usr/include/c++/v1/__fwd/fstream.h:13:
/Applications/Xcode.app/Contents/Developer/Platforms/MacOSX.platform/Developer/SDKs/MacOSX.sdk/usr/include/c++/v1/__fwd/string.h:45:41: warning: 'char_traits<int>' is deprecated: char_traits<T> for T not equal to char, wchar_t, char8_t, char16_t or char32_t is non-standard and is provided for a temporary period. It will be removed in a future release, so please migrate off of it. [-Wdeprecated-declarations]
   45 | template <class _CharT, class _Traits = char_traits<_CharT>, class _Allocator = allocator<_CharT> >
      |                                         ^
/Users/pencil/Developer/Aegisub/build/../subprojects/boost_1_83_0/boost/regex/v5/sub_match.hpp:47:9: note: in instantiation of default argument for 'basic_string<value_type>' required here
   47 |    std::basic_string<value_type> str()const
      |         ^~~~~~~~~~~~~~~~~~~~~~~~
/Users/pencil/Developer/Aegisub/build/../subprojects/boost_1_83_0/boost/regex/v5/match_results.hpp:553:28: note: in instantiation of template class 'boost::sub_match<boost::u8_to_u32_iterator<const unsigned char *, int>>' requested here
  553 |    sub_match<BidiIterator> m_null;                     // a null match
      |                            ^
../subprojects/boost_1_83_0/boost/regex/v5/icu.hpp:830:15: note: in instantiation of template class 'boost::match_results<boost::u8_to_u32_iterator<const unsigned char *, int>>' requested here
  830 |    match_type what;
      |               ^
../subprojects/boost_1_83_0/boost/regex/v5/icu.hpp:874:34: note: in instantiation of function template specialization 'boost::re_detail_500::do_regex_match<const unsigned char *, std::allocator<boost::sub_match<const unsigned char *>>>' requested here
  874 |    return BOOST_REGEX_DETAIL_NS::do_regex_match(p, p+std::strlen((const char*)p), m, e, flags, static_cast<std::integral_constant<int, 1> const*>(0));
      |                                  ^
/Applications/Xcode.app/Contents/Developer/Platforms/MacOSX.platform/Developer/SDKs/MacOSX.sdk/usr/include/c++/v1/__fwd/string.h:24:8: note: 'char_traits<int>' has been explicitly marked deprecated here
   24 | struct _LIBCPP_DEPRECATED_(
      |        ^
/Applications/Xcode.app/Contents/Developer/Platforms/MacOSX.platform/Developer/SDKs/MacOSX.sdk/usr/include/c++/v1/__config:555:53: note: expanded from macro '_LIBCPP_DEPRECATED_'
  555 | #      define _LIBCPP_DEPRECATED_(m) __attribute__((__deprecated__(m)))
      |                                                     ^
In file included from ../src/dialog_search_replace.cpp:1:
In file included from /Users/pencil/Developer/Aegisub/build/../src/include/agi_pre.h:70:
In file included from /Applications/Xcode.app/Contents/Developer/Platforms/MacOSX.platform/Developer/SDKs/MacOSX.sdk/usr/include/c++/v1/algorithm:1915:
In file included from /Applications/Xcode.app/Contents/Developer/Platforms/MacOSX.platform/Developer/SDKs/MacOSX.sdk/usr/include/c++/v1/__algorithm/shuffle.h:16:
In file included from /Applications/Xcode.app/Contents/Developer/Platforms/MacOSX.platform/Developer/SDKs/MacOSX.sdk/usr/include/c++/v1/__random/uniform_int_distribution.h:20:
In file included from /Applications/Xcode.app/Contents/Developer/Platforms/MacOSX.platform/Developer/SDKs/MacOSX.sdk/usr/include/c++/v1/iosfwd:112:
In file included from /Applications/Xcode.app/Contents/Developer/Platforms/MacOSX.platform/Developer/SDKs/MacOSX.sdk/usr/include/c++/v1/__fwd/fstream.h:13:
/Applications/Xcode.app/Contents/Developer/Platforms/MacOSX.platform/Developer/SDKs/MacOSX.sdk/usr/include/c++/v1/__fwd/string.h:45:41: warning: 'char_traits<int>' is deprecated: char_traits<T> for T not equal to char, wchar_t, char8_t, char16_t or char32_t is non-standard and is provided for a temporary period. It will be removed in a future release, so please migrate off of it. [-Wdeprecated-declarations]
   45 | template <class _CharT, class _Traits = char_traits<_CharT>, class _Allocator = allocator<_CharT> >
      |                                         ^
/Users/pencil/Developer/Aegisub/build/../subprojects/boost_1_83_0/boost/regex/v5/sub_match.hpp:69:27: note: in instantiation of default argument for 'basic_string<value_type>' required here
   69 |    int compare(const std::basic_string<value_type>& s)const
      |                           ^~~~~~~~~~~~~~~~~~~~~~~~
/Users/pencil/Developer/Aegisub/build/../subprojects/boost_1_83_0/boost/regex/v5/match_results.hpp:553:28: note: in instantiation of template class 'boost::sub_match<boost::u8_to_u32_iterator<const unsigned char *, int>>' requested here
  553 |    sub_match<BidiIterator> m_null;                     // a null match
      |                            ^
../subprojects/boost_1_83_0/boost/regex/v5/icu.hpp:830:15: note: in instantiation of template class 'boost::match_results<boost::u8_to_u32_iterator<const unsigned char *, int>>' requested here
  830 |    match_type what;
      |               ^
../subprojects/boost_1_83_0/boost/regex/v5/icu.hpp:874:34: note: in instantiation of function template specialization 'boost::re_detail_500::do_regex_match<const unsigned char *, std::allocator<boost::sub_match<const unsigned char *>>>' requested here
  874 |    return BOOST_REGEX_DETAIL_NS::do_regex_match(p, p+std::strlen((const char*)p), m, e, flags, static_cast<std::integral_constant<int, 1> const*>(0));
      |                                  ^
/Applications/Xcode.app/Contents/Developer/Platforms/MacOSX.platform/Developer/SDKs/MacOSX.sdk/usr/include/c++/v1/__fwd/string.h:24:8: note: 'char_traits<int>' has been explicitly marked deprecated here
   24 | struct _LIBCPP_DEPRECATED_(
      |        ^
/Applications/Xcode.app/Contents/Developer/Platforms/MacOSX.platform/Developer/SDKs/MacOSX.sdk/usr/include/c++/v1/__config:555:53: note: expanded from macro '_LIBCPP_DEPRECATED_'
  555 | #      define _LIBCPP_DEPRECATED_(m) __attribute__((__deprecated__(m)))
      |                                                     ^
In file included from ../src/dialog_search_replace.cpp:1:
In file included from /Users/pencil/Developer/Aegisub/build/../src/include/agi_pre.h:70:
In file included from /Applications/Xcode.app/Contents/Developer/Platforms/MacOSX.platform/Developer/SDKs/MacOSX.sdk/usr/include/c++/v1/algorithm:1915:
In file included from /Applications/Xcode.app/Contents/Developer/Platforms/MacOSX.platform/Developer/SDKs/MacOSX.sdk/usr/include/c++/v1/__algorithm/shuffle.h:16:
In file included from /Applications/Xcode.app/Contents/Developer/Platforms/MacOSX.platform/Developer/SDKs/MacOSX.sdk/usr/include/c++/v1/__random/uniform_int_distribution.h:20:
In file included from /Applications/Xcode.app/Contents/Developer/Platforms/MacOSX.platform/Developer/SDKs/MacOSX.sdk/usr/include/c++/v1/iosfwd:112:
In file included from /Applications/Xcode.app/Contents/Developer/Platforms/MacOSX.platform/Developer/SDKs/MacOSX.sdk/usr/include/c++/v1/__fwd/fstream.h:13:
/Applications/Xcode.app/Contents/Developer/Platforms/MacOSX.platform/Developer/SDKs/MacOSX.sdk/usr/include/c++/v1/__fwd/string.h:45:41: warning: 'char_traits<int>' is deprecated: char_traits<T> for T not equal to char, wchar_t, char8_t, char16_t or char32_t is non-standard and is provided for a temporary period. It will be removed in a future release, so please migrate off of it. [-Wdeprecated-declarations]
   45 | template <class _CharT, class _Traits = char_traits<_CharT>, class _Allocator = allocator<_CharT> >
      |                                         ^
/Users/pencil/Developer/Aegisub/build/../subprojects/boost_1_83_0/boost/regex/v5/match_results.hpp:57:26: note: in instantiation of default argument for 'basic_string<char_type>' required here
   57 |    typedef          std::basic_string<char_type>                            string_type;
      |                          ^~~~~~~~~~~~~~~~~~~~~~~
../subprojects/boost_1_83_0/boost/regex/v5/icu.hpp:830:15: note: in instantiation of template class 'boost::match_results<boost::u8_to_u32_iterator<std::__wrap_iter<const char *>, int>>' requested here
  830 |    match_type what;
      |               ^
../subprojects/boost_1_83_0/boost/regex/v5/icu.hpp:881:34: note: in instantiation of function template specialization 'boost::re_detail_500::do_regex_match<std::__wrap_iter<const char *>, std::allocator<boost::sub_match<std::__wrap_iter<const char *>>>>' requested here
  881 |    return BOOST_REGEX_DETAIL_NS::do_regex_match(s.begin(), s.end(), m, e, flags, static_cast<std::integral_constant<int, 1> const*>(0));
      |                                  ^
/Applications/Xcode.app/Contents/Developer/Platforms/MacOSX.platform/Developer/SDKs/MacOSX.sdk/usr/include/c++/v1/__fwd/string.h:24:8: note: 'char_traits<int>' has been explicitly marked deprecated here
   24 | struct _LIBCPP_DEPRECATED_(
      |        ^
/Applications/Xcode.app/Contents/Developer/Platforms/MacOSX.platform/Developer/SDKs/MacOSX.sdk/usr/include/c++/v1/__config:555:53: note: expanded from macro '_LIBCPP_DEPRECATED_'
  555 | #      define _LIBCPP_DEPRECATED_(m) __attribute__((__deprecated__(m)))
      |                                                     ^
In file included from ../src/dialog_search_replace.cpp:1:
In file included from /Users/pencil/Developer/Aegisub/build/../src/include/agi_pre.h:70:
In file included from /Applications/Xcode.app/Contents/Developer/Platforms/MacOSX.platform/Developer/SDKs/MacOSX.sdk/usr/include/c++/v1/algorithm:1915:
In file included from /Applications/Xcode.app/Contents/Developer/Platforms/MacOSX.platform/Developer/SDKs/MacOSX.sdk/usr/include/c++/v1/__algorithm/shuffle.h:16:
In file included from /Applications/Xcode.app/Contents/Developer/Platforms/MacOSX.platform/Developer/SDKs/MacOSX.sdk/usr/include/c++/v1/__random/uniform_int_distribution.h:20:
In file included from /Applications/Xcode.app/Contents/Developer/Platforms/MacOSX.platform/Developer/SDKs/MacOSX.sdk/usr/include/c++/v1/iosfwd:112:
In file included from /Applications/Xcode.app/Contents/Developer/Platforms/MacOSX.platform/Developer/SDKs/MacOSX.sdk/usr/include/c++/v1/__fwd/fstream.h:13:
/Applications/Xcode.app/Contents/Developer/Platforms/MacOSX.platform/Developer/SDKs/MacOSX.sdk/usr/include/c++/v1/__fwd/string.h:45:41: warning: 'char_traits<int>' is deprecated: char_traits<T> for T not equal to char, wchar_t, char8_t, char16_t or char32_t is non-standard and is provided for a temporary period. It will be removed in a future release, so please migrate off of it. [-Wdeprecated-declarations]
   45 | template <class _CharT, class _Traits = char_traits<_CharT>, class _Allocator = allocator<_CharT> >
      |                                         ^
/Users/pencil/Developer/Aegisub/build/../subprojects/boost_1_83_0/boost/regex/v5/sub_match.hpp:47:9: note: in instantiation of default argument for 'basic_string<value_type>' required here
   47 |    std::basic_string<value_type> str()const
      |         ^~~~~~~~~~~~~~~~~~~~~~~~
/Users/pencil/Developer/Aegisub/build/../subprojects/boost_1_83_0/boost/regex/v5/match_results.hpp:553:28: note: in instantiation of template class 'boost::sub_match<boost::u8_to_u32_iterator<std::__wrap_iter<const char *>, int>>' requested here
  553 |    sub_match<BidiIterator> m_null;                     // a null match
      |                            ^
../subprojects/boost_1_83_0/boost/regex/v5/icu.hpp:830:15: note: in instantiation of template class 'boost::match_results<boost::u8_to_u32_iterator<std::__wrap_iter<const char *>, int>>' requested here
  830 |    match_type what;
      |               ^
../subprojects/boost_1_83_0/boost/regex/v5/icu.hpp:881:34: note: in instantiation of function template specialization 'boost::re_detail_500::do_regex_match<std::__wrap_iter<const char *>, std::allocator<boost::sub_match<std::__wrap_iter<const char *>>>>' requested here
  881 |    return BOOST_REGEX_DETAIL_NS::do_regex_match(s.begin(), s.end(), m, e, flags, static_cast<std::integral_constant<int, 1> const*>(0));
      |                                  ^
/Applications/Xcode.app/Contents/Developer/Platforms/MacOSX.platform/Developer/SDKs/MacOSX.sdk/usr/include/c++/v1/__fwd/string.h:24:8: note: 'char_traits<int>' has been explicitly marked deprecated here
   24 | struct _LIBCPP_DEPRECATED_(
      |        ^
/Applications/Xcode.app/Contents/Developer/Platforms/MacOSX.platform/Developer/SDKs/MacOSX.sdk/usr/include/c++/v1/__config:555:53: note: expanded from macro '_LIBCPP_DEPRECATED_'
  555 | #      define _LIBCPP_DEPRECATED_(m) __attribute__((__deprecated__(m)))
      |                                                     ^
In file included from ../src/dialog_search_replace.cpp:1:
In file included from /Users/pencil/Developer/Aegisub/build/../src/include/agi_pre.h:70:
In file included from /Applications/Xcode.app/Contents/Developer/Platforms/MacOSX.platform/Developer/SDKs/MacOSX.sdk/usr/include/c++/v1/algorithm:1915:
In file included from /Applications/Xcode.app/Contents/Developer/Platforms/MacOSX.platform/Developer/SDKs/MacOSX.sdk/usr/include/c++/v1/__algorithm/shuffle.h:16:
In file included from /Applications/Xcode.app/Contents/Developer/Platforms/MacOSX.platform/Developer/SDKs/MacOSX.sdk/usr/include/c++/v1/__random/uniform_int_distribution.h:20:
In file included from /Applications/Xcode.app/Contents/Developer/Platforms/MacOSX.platform/Developer/SDKs/MacOSX.sdk/usr/include/c++/v1/iosfwd:112:
In file included from /Applications/Xcode.app/Contents/Developer/Platforms/MacOSX.platform/Developer/SDKs/MacOSX.sdk/usr/include/c++/v1/__fwd/fstream.h:13:
/Applications/Xcode.app/Contents/Developer/Platforms/MacOSX.platform/Developer/SDKs/MacOSX.sdk/usr/include/c++/v1/__fwd/string.h:45:41: warning: 'char_traits<int>' is deprecated: char_traits<T> for T not equal to char, wchar_t, char8_t, char16_t or char32_t is non-standard and is provided for a temporary period. It will be removed in a future release, so please migrate off of it. [-Wdeprecated-declarations]
   45 | template <class _CharT, class _Traits = char_traits<_CharT>, class _Allocator = allocator<_CharT> >
      |                                         ^
/Users/pencil/Developer/Aegisub/build/../subprojects/boost_1_83_0/boost/regex/v5/sub_match.hpp:69:27: note: in instantiation of default argument for 'basic_string<value_type>' required here
   69 |    int compare(const std::basic_string<value_type>& s)const
      |                           ^~~~~~~~~~~~~~~~~~~~~~~~
/Users/pencil/Developer/Aegisub/build/../subprojects/boost_1_83_0/boost/regex/v5/match_results.hpp:553:28: note: in instantiation of template class 'boost::sub_match<boost::u8_to_u32_iterator<std::__wrap_iter<const char *>, int>>' requested here
  553 |    sub_match<BidiIterator> m_null;                     // a null match
      |                            ^
../subprojects/boost_1_83_0/boost/regex/v5/icu.hpp:830:15: note: in instantiation of template class 'boost::match_results<boost::u8_to_u32_iterator<std::__wrap_iter<const char *>, int>>' requested here
  830 |    match_type what;
      |               ^
../subprojects/boost_1_83_0/boost/regex/v5/icu.hpp:881:34: note: in instantiation of function template specialization 'boost::re_detail_500::do_regex_match<std::__wrap_iter<const char *>, std::allocator<boost::sub_match<std::__wrap_iter<const char *>>>>' requested here
  881 |    return BOOST_REGEX_DETAIL_NS::do_regex_match(s.begin(), s.end(), m, e, flags, static_cast<std::integral_constant<int, 1> const*>(0));
      |                                  ^
/Applications/Xcode.app/Contents/Developer/Platforms/MacOSX.platform/Developer/SDKs/MacOSX.sdk/usr/include/c++/v1/__fwd/string.h:24:8: note: 'char_traits<int>' has been explicitly marked deprecated here
   24 | struct _LIBCPP_DEPRECATED_(
      |        ^
/Applications/Xcode.app/Contents/Developer/Platforms/MacOSX.platform/Developer/SDKs/MacOSX.sdk/usr/include/c++/v1/__config:555:53: note: expanded from macro '_LIBCPP_DEPRECATED_'
  555 | #      define _LIBCPP_DEPRECATED_(m) __attribute__((__deprecated__(m)))
      |                                                     ^
In file included from ../src/dialog_search_replace.cpp:1:
In file included from /Users/pencil/Developer/Aegisub/build/../src/include/agi_pre.h:70:
In file included from /Applications/Xcode.app/Contents/Developer/Platforms/MacOSX.platform/Developer/SDKs/MacOSX.sdk/usr/include/c++/v1/algorithm:1915:
In file included from /Applications/Xcode.app/Contents/Developer/Platforms/MacOSX.platform/Developer/SDKs/MacOSX.sdk/usr/include/c++/v1/__algorithm/shuffle.h:16:
In file included from /Applications/Xcode.app/Contents/Developer/Platforms/MacOSX.platform/Developer/SDKs/MacOSX.sdk/usr/include/c++/v1/__random/uniform_int_distribution.h:20:
In file included from /Applications/Xcode.app/Contents/Developer/Platforms/MacOSX.platform/Developer/SDKs/MacOSX.sdk/usr/include/c++/v1/iosfwd:112:
In file included from /Applications/Xcode.app/Contents/Developer/Platforms/MacOSX.platform/Developer/SDKs/MacOSX.sdk/usr/include/c++/v1/__fwd/fstream.h:13:
/Applications/Xcode.app/Contents/Developer/Platforms/MacOSX.platform/Developer/SDKs/MacOSX.sdk/usr/include/c++/v1/__fwd/string.h:45:41: warning: 'char_traits<unsigned int>' is deprecated: char_traits<T> for T not equal to char, wchar_t, char8_t, char16_t or char32_t is non-standard and is provided for a temporary period. It will be removed in a future release, so please migrate off of it. [-Wdeprecated-declarations]
   45 | template <class _CharT, class _Traits = char_traits<_CharT>, class _Allocator = allocator<_CharT> >
      |                                         ^
/Users/pencil/Developer/Aegisub/build/../subprojects/boost_1_83_0/boost/regex/v5/match_results.hpp:57:26: note: in instantiation of default argument for 'basic_string<char_type>' required here
   57 |    typedef          std::basic_string<char_type>                            string_type;
      |                          ^~~~~~~~~~~~~~~~~~~~~~~
../subprojects/boost_1_83_0/boost/regex/v5/icu.hpp:1229:30: note: in instantiation of template class 'boost::match_results<boost::u16_to_u32_iterator<const char16_t *>>' requested here
 1229 |             out = std::copy(i->prefix().first, i->prefix().second, out); 
      |                              ^
../subprojects/boost_1_83_0/boost/regex/v5/icu.hpp:1384:27: note: in instantiation of function template specialization 'boost::re_detail_500::do_regex_replace<boost::utf16_output_iterator<boost::re_detail_500::unicode_string_out_iterator>, boost::u16_to_u32_iterator<const char16_t *>, boost::u16_to_u32_iterator<const char16_t *>>' requested here
 1384 |    BOOST_REGEX_DETAIL_NS::do_regex_replace(
      |                           ^
/Applications/Xcode.app/Contents/Developer/Platforms/MacOSX.platform/Developer/SDKs/MacOSX.sdk/usr/include/c++/v1/__fwd/string.h:24:8: note: 'char_traits<unsigned int>' has been explicitly marked deprecated here
   24 | struct _LIBCPP_DEPRECATED_(
      |        ^
/Applications/Xcode.app/Contents/Developer/Platforms/MacOSX.platform/Developer/SDKs/MacOSX.sdk/usr/include/c++/v1/__config:555:53: note: expanded from macro '_LIBCPP_DEPRECATED_'
  555 | #      define _LIBCPP_DEPRECATED_(m) __attribute__((__deprecated__(m)))
      |                                                     ^
In file included from ../src/dialog_search_replace.cpp:1:
In file included from /Users/pencil/Developer/Aegisub/build/../src/include/agi_pre.h:70:
In file included from /Applications/Xcode.app/Contents/Developer/Platforms/MacOSX.platform/Developer/SDKs/MacOSX.sdk/usr/include/c++/v1/algorithm:1915:
In file included from /Applications/Xcode.app/Contents/Developer/Platforms/MacOSX.platform/Developer/SDKs/MacOSX.sdk/usr/include/c++/v1/__algorithm/shuffle.h:16:
In file included from /Applications/Xcode.app/Contents/Developer/Platforms/MacOSX.platform/Developer/SDKs/MacOSX.sdk/usr/include/c++/v1/__random/uniform_int_distribution.h:20:
In file included from /Applications/Xcode.app/Contents/Developer/Platforms/MacOSX.platform/Developer/SDKs/MacOSX.sdk/usr/include/c++/v1/iosfwd:112:
In file included from /Applications/Xcode.app/Contents/Developer/Platforms/MacOSX.platform/Developer/SDKs/MacOSX.sdk/usr/include/c++/v1/__fwd/fstream.h:13:
/Applications/Xcode.app/Contents/Developer/Platforms/MacOSX.platform/Developer/SDKs/MacOSX.sdk/usr/include/c++/v1/__fwd/string.h:45:41: warning: 'char_traits<unsigned int>' is deprecated: char_traits<T> for T not equal to char, wchar_t, char8_t, char16_t or char32_t is non-standard and is provided for a temporary period. It will be removed in a future release, so please migrate off of it. [-Wdeprecated-declarations]
   45 | template <class _CharT, class _Traits = char_traits<_CharT>, class _Allocator = allocator<_CharT> >
      |                                         ^
/Users/pencil/Developer/Aegisub/build/../subprojects/boost_1_83_0/boost/regex/v5/sub_match.hpp:47:9: note: in instantiation of default argument for 'basic_string<value_type>' required here
   47 |    std::basic_string<value_type> str()const
      |         ^~~~~~~~~~~~~~~~~~~~~~~~
/Users/pencil/Developer/Aegisub/build/../subprojects/boost_1_83_0/boost/regex/v5/match_results.hpp:553:28: note: in instantiation of template class 'boost::sub_match<boost::u16_to_u32_iterator<const char16_t *>>' requested here
  553 |    sub_match<BidiIterator> m_null;                     // a null match
      |                            ^
../subprojects/boost_1_83_0/boost/regex/v5/icu.hpp:1229:30: note: in instantiation of template class 'boost::match_results<boost::u16_to_u32_iterator<const char16_t *>>' requested here
 1229 |             out = std::copy(i->prefix().first, i->prefix().second, out); 
      |                              ^
../subprojects/boost_1_83_0/boost/regex/v5/icu.hpp:1384:27: note: in instantiation of function template specialization 'boost::re_detail_500::do_regex_replace<boost::utf16_output_iterator<boost::re_detail_500::unicode_string_out_iterator>, boost::u16_to_u32_iterator<const char16_t *>, boost::u16_to_u32_iterator<const char16_t *>>' requested here
 1384 |    BOOST_REGEX_DETAIL_NS::do_regex_replace(
      |                           ^
/Applications/Xcode.app/Contents/Developer/Platforms/MacOSX.platform/Developer/SDKs/MacOSX.sdk/usr/include/c++/v1/__fwd/string.h:24:8: note: 'char_traits<unsigned int>' has been explicitly marked deprecated here
   24 | struct _LIBCPP_DEPRECATED_(
      |        ^
/Applications/Xcode.app/Contents/Developer/Platforms/MacOSX.platform/Developer/SDKs/MacOSX.sdk/usr/include/c++/v1/__config:555:53: note: expanded from macro '_LIBCPP_DEPRECATED_'
  555 | #      define _LIBCPP_DEPRECATED_(m) __attribute__((__deprecated__(m)))
      |                                                     ^
In file included from ../src/dialog_search_replace.cpp:1:
In file included from /Users/pencil/Developer/Aegisub/build/../src/include/agi_pre.h:70:
In file included from /Applications/Xcode.app/Contents/Developer/Platforms/MacOSX.platform/Developer/SDKs/MacOSX.sdk/usr/include/c++/v1/algorithm:1915:
In file included from /Applications/Xcode.app/Contents/Developer/Platforms/MacOSX.platform/Developer/SDKs/MacOSX.sdk/usr/include/c++/v1/__algorithm/shuffle.h:16:
In file included from /Applications/Xcode.app/Contents/Developer/Platforms/MacOSX.platform/Developer/SDKs/MacOSX.sdk/usr/include/c++/v1/__random/uniform_int_distribution.h:20:
In file included from /Applications/Xcode.app/Contents/Developer/Platforms/MacOSX.platform/Developer/SDKs/MacOSX.sdk/usr/include/c++/v1/iosfwd:112:
In file included from /Applications/Xcode.app/Contents/Developer/Platforms/MacOSX.platform/Developer/SDKs/MacOSX.sdk/usr/include/c++/v1/__fwd/fstream.h:13:
/Applications/Xcode.app/Contents/Developer/Platforms/MacOSX.platform/Developer/SDKs/MacOSX.sdk/usr/include/c++/v1/__fwd/string.h:45:41: warning: 'char_traits<unsigned int>' is deprecated: char_traits<T> for T not equal to char, wchar_t, char8_t, char16_t or char32_t is non-standard and is provided for a temporary period. It will be removed in a future release, so please migrate off of it. [-Wdeprecated-declarations]
   45 | template <class _CharT, class _Traits = char_traits<_CharT>, class _Allocator = allocator<_CharT> >
      |                                         ^
/Users/pencil/Developer/Aegisub/build/../subprojects/boost_1_83_0/boost/regex/v5/sub_match.hpp:69:27: note: in instantiation of default argument for 'basic_string<value_type>' required here
   69 |    int compare(const std::basic_string<value_type>& s)const
      |                           ^~~~~~~~~~~~~~~~~~~~~~~~
/Users/pencil/Developer/Aegisub/build/../subprojects/boost_1_83_0/boost/regex/v5/match_results.hpp:553:28: note: in instantiation of template class 'boost::sub_match<boost::u16_to_u32_iterator<const char16_t *>>' requested here
  553 |    sub_match<BidiIterator> m_null;                     // a null match
      |                            ^
../subprojects/boost_1_83_0/boost/regex/v5/icu.hpp:1229:30: note: in instantiation of template class 'boost::match_results<boost::u16_to_u32_iterator<const char16_t *>>' requested here
 1229 |             out = std::copy(i->prefix().first, i->prefix().second, out); 
      |                              ^
../subprojects/boost_1_83_0/boost/regex/v5/icu.hpp:1384:27: note: in instantiation of function template specialization 'boost::re_detail_500::do_regex_replace<boost::utf16_output_iterator<boost::re_detail_500::unicode_string_out_iterator>, boost::u16_to_u32_iterator<const char16_t *>, boost::u16_to_u32_iterator<const char16_t *>>' requested here
 1384 |    BOOST_REGEX_DETAIL_NS::do_regex_replace(
      |                           ^
/Applications/Xcode.app/Contents/Developer/Platforms/MacOSX.platform/Developer/SDKs/MacOSX.sdk/usr/include/c++/v1/__fwd/string.h:24:8: note: 'char_traits<unsigned int>' has been explicitly marked deprecated here
   24 | struct _LIBCPP_DEPRECATED_(
      |        ^
/Applications/Xcode.app/Contents/Developer/Platforms/MacOSX.platform/Developer/SDKs/MacOSX.sdk/usr/include/c++/v1/__config:555:53: note: expanded from macro '_LIBCPP_DEPRECATED_'
  555 | #      define _LIBCPP_DEPRECATED_(m) __attribute__((__deprecated__(m)))
      |                                                     ^
41 warnings and 1 error generated.
ninja: build stopped: subcommand failed.
