-------------------------------------
Translated Report (Full Report Below)
-------------------------------------
Process:             aegisub [41978]
Path:                /Users/USER/*/aegisub
Identifier:          aegisub
Version:             ???
Code Type:           ARM-64 (Native)
Role:                Foreground
Parent Process:      zsh [41932]
Coalition:           com.apple.Terminal [1400]
Responsible Process: Terminal [7277]
User ID:             501

Date/Time:           2026-07-08 16:22:25.8149 +0700
Launch Time:         2026-07-08 16:21:23.6363 +0700
Hardware Model:      Mac16,8
OS Version:          macOS 26.5 (25F71)
Release Type:        User

Crash Reporter Key:  3E570C29-C388-2456-FDB3-F74EDC1889B1
Incident Identifier: 20FD290E-75FA-46BF-8BA8-0F2F272929C5

Sleep/Wake UUID:       15670EE5-8437-4F03-A5C0-ADB9FE04ED49

Time Awake Since Boot: 15000 seconds

System Integrity Protection: disabled

Triggered by Thread: 0, Dispatch Queue: com.apple.main-thread

Exception Type:    EXC_BAD_ACCESS (SIGSEGV)
Exception Subtype: KERN_INVALID_ADDRESS at 0x0000000000000017
Exception Codes:   0x0000000000000001, 0x0000000000000017

Termination Reason:  Namespace SIGNAL, Code 11, Segmentation fault: 11
Terminating Process: exc handler [41978]


VM Region Info: 0x17 is not in any region.  Bytes before following region: 4330749929
      REGION TYPE                    START - END         [ VSIZE] PRT/MAX SHRMOD  REGION DETAIL
      UNUSED SPACE AT START
--->
      __TEXT                      102220000-102744000    [ 5264K] r-x/r-x SM=COW  /Users/USER/*/aegisub

Thread 0 Crashed::  Dispatch queue: com.apple.main-thread
0   aegisub                       	       0x1024198d8 std::__1::basic_string<char, std::__1::char_traits<char>, std::__1::allocator<char>>::__is_long[abi:fqe210106]() const + 0 (string:2095) [inlined]
1   aegisub                       	       0x1024198d8 std::__1::basic_string<char, std::__1::char_traits<char>, std::__1::allocator<char>>::__get_pointer[abi:fqe210106]() const + 0 (string:2236) [inlined]
2   aegisub                       	       0x1024198d8 std::__1::basic_string<char, std::__1::char_traits<char>, std::__1::allocator<char>>::data[abi:fqe210106]() const + 0 (string:1770) [inlined]
3   aegisub                       	       0x1024198d8 std::__1::basic_string<char, std::__1::char_traits<char>, std::__1::allocator<char>>::c_str[abi:fqe210106]() const + 0 (string:1768) [inlined]
4   aegisub                       	       0x1024198d8 SubsTextEditCtrl::SetTextTo(std::__1::basic_string<char, std::__1::char_traits<char>, std::__1::allocator<char>> const&) + 288 (subs_edit_ctrl.cpp:412)
5   aegisub                       	       0x10241109c SubsEditBox::UpdateFields(int, bool) + 116 (subs_edit_box.cpp:451)
6   aegisub                       	       0x102410738 SubsEditBox::OnActiveLineChanged(AssDialogue*) + 72 (subs_edit_box.cpp:510)
7   aegisub                       	       0x102400d90 std::__1::__function::__value_func<void (AssDialogue*)>::operator()[abi:fqe210106](AssDialogue*&&) const + 24 (function.h:274) [inlined]
8   aegisub                       	       0x102400d90 std::__1::function<void (AssDialogue*)>::operator()(AssDialogue*) const + 24 (function.h:772) [inlined]
9   aegisub                       	       0x102400d90 agi::signal::Signal<AssDialogue*>::operator()(AssDialogue*) + 120 (signal.h:156) [inlined]
10  aegisub                       	       0x102400d90 SelectionController::SetSelectionAndActive(std::__1::set<AssDialogue*, std::__1::less<AssDialogue*>, std::__1::allocator<AssDialogue*>>, AssDialogue*) + 368 (selection_controller.cpp:51)
11  aegisub                       	       0x10234e1cc DialogSearchReplace<true>::GoToPreviewSelection(unsigned long) + 148 (dialog_search_replace.cpp:557)
12  aegisub                       	       0x10234ec1c std::__1::__function::__value_func<void (unsigned long)>::operator()[abi:fqe210106](unsigned long&&) const + 24 (function.h:274) [inlined]
13  aegisub                       	       0x10234ec1c std::__1::function<void (unsigned long)>::operator()(unsigned long) const + 24 (function.h:772) [inlined]
14  aegisub                       	       0x10234ec1c SearchReplacePreview::SetSelection(int) + 248 (dialog_search_replace.cpp:279)
15  aegisub                       	       0x102350b0c SearchReplacePreview::OnLeftDown(wxMouseEvent&) + 260 (dialog_search_replace.cpp:216)
16  libwx_baseu-3.3.2.0.0.dylib   	       0x103bc0150 wxEvtHandler::ProcessEventIfMatchesId(wxEventTableEntryBase const&, wxEvtHandler*, wxEvent&) + 112
17  libwx_baseu-3.3.2.0.0.dylib   	       0x103bc0f48 wxEvtHandler::SearchDynamicEventTable(wxEvent&) + 188
18  libwx_baseu-3.3.2.0.0.dylib   	       0x103bc0e1c wxEvtHandler::TryHereOnly(wxEvent&) + 60
19  libwx_baseu-3.3.2.0.0.dylib   	       0x103bc0d2c wxEvtHandler::ProcessEventLocally(wxEvent&) + 48
20  libwx_baseu-3.3.2.0.0.dylib   	       0x103bc0c78 wxEvtHandler::ProcessEvent(wxEvent&) + 112
21  libwx_osx_cocoau_core-3.3.2.0.0.dylib	       0x1042d5c8c wxScrollHelperEvtHandler::ProcessEvent(wxEvent&) + 120
22  libwx_baseu-3.3.2.0.0.dylib   	       0x103bc0ae8 wxEvtHandler::SafelyProcessEvent(wxEvent&) + 68
23  libwx_osx_cocoau_core-3.3.2.0.0.dylib	       0x1041d98a8 wxWidgetCocoaImpl::DoHandleMouseEvent(NSEvent*) + 164
24  libwx_osx_cocoau_core-3.3.2.0.0.dylib	       0x1041d50d4 wxWidgetCocoaImpl::mouseEvent(NSEvent*, NSView*, void*) + 180
25  AppKit                        	       0x1876e9c04 -[NSWindow(NSEventRouting) _handleMouseDownEvent:isDelayedEvent:] + 3696
26  AppKit                        	       0x1876781f4 -[NSWindow(NSEventRouting) _reallySendEvent:isDelayedEvent:] + 492
27  AppKit                        	       0x187677e64 -[NSWindow(NSEventRouting) sendEvent:] + 380
28  libwx_osx_cocoau_core-3.3.2.0.0.dylib	       0x1041c5ba8 -[wxNSPanel sendEvent:] + 116
29  AppKit                        	       0x1880e840c -[NSApplication(NSEventRouting) sendEvent:] + 1276
30  AppKit                        	       0x187d35664 -[NSApplication _handleEvent:] + 60
31  AppKit                        	       0x187547164 -[NSApplication run] + 408
32  libwx_osx_cocoau_core-3.3.2.0.0.dylib	       0x1041be5a4 wxGUIEventLoop::OSXDoRun() + 112
33  libwx_baseu-3.3.2.0.0.dylib   	       0x103ba898c wxCFEventLoop::DoRun() + 76
34  libwx_baseu-3.3.2.0.0.dylib   	       0x103b32fe8 wxEventLoopBase::Run() + 112
35  libwx_baseu-3.3.2.0.0.dylib   	       0x103b0cc58 wxAppConsoleBase::MainLoop() + 132
36  aegisub                       	       0x1023ae86c AegisubApp::OnRun() + 40 (main.cpp:456)
37  libwx_baseu-3.3.2.0.0.dylib   	       0x103b574b0 wxEntry(int&, wchar_t**) + 292
38  aegisub                       	       0x1023ab644 main + 24 (main.cpp:82)
39  dyld                          	       0x182cabe00 start + 6992

Thread 1:: com.apple.NSEventThread
0   libsystem_kernel.dylib        	       0x183025c34 mach_msg2_trap + 8
1   libsystem_kernel.dylib        	       0x183038574 mach_msg2_internal + 76
2   libsystem_kernel.dylib        	       0x18302e9c0 mach_msg_overwrite + 480
3   libsystem_kernel.dylib        	       0x183025fc0 mach_msg + 24
4   CoreFoundation                	       0x1831270d8 __CFRunLoopServiceMachPort + 160
5   CoreFoundation                	       0x1831259c4 __CFRunLoopRun + 1188
6   CoreFoundation                	       0x1831f81c4 _CFRunLoopRunSpecificWithOptions + 532
7   AppKit                        	       0x187675c7c _NSEventThread + 184
8   libsystem_pthread.dylib       	       0x183069c58 _pthread_start + 136
9   libsystem_pthread.dylib       	       0x183064c1c thread_start + 8

Thread 2:

Thread 3:

Thread 4:

Thread 5:

Thread 6:


Thread 0 crashed with ARM Thread State (64-bit):
    x0: 0x0000000744d0a700   x1: 0x0000000102404ac8   x2: 0x0000000000000000   x3: 0x000000016dbddeb4
    x4: 0x000000016dbddeb0   x5: 0x0000000000000020   x6: 0xffffffffbfc007ff   x7: 0xfffff0003ffff800
    x8: 0x0000000743ee8460   x9: 0x0000000744e33ac0  x10: 0x0000000000000015  x11: 0x0000000000000022
   x12: 0x0000000000000055  x13: 0x0000000743c82540  x14: 0x05000001045070c7  x15: 0x00000001045070c0
   x16: 0x00000001045070c0  x17: 0x00000001875b1e7c  x18: 0x0000000000000000  x19: 0x0000000744eadc00
   x20: 0x0000000000000000  x21: 0x000000000000000f  x22: 0xcccccccccccccccd  x23: 0x0000000000000015
   x24: 0xffffffffffffffff  x25: 0x0000000000000001  x26: 0x0000000000000004  x27: 0x0000000000000000
   x28: 0x000000010450981c   fp: 0x000000016dbde1c0   lr: 0x00000001024198d8
    sp: 0x000000016dbde180   pc: 0x00000001024198d8 cpsr: 0x60000000
   far: 0x0000000000000017  esr: 0x92000006 (Data Abort) byte read Translation fault

Binary Images:
       0x102220000 -        0x102743fff aegisub (*) <7ec1c638-3678-3bf3-9a2e-69c0bdaa9e96> /Users/USER/*/aegisub
       0x102c50000 -        0x102cabfff libboost_locale.dylib (*) <d10aee61-2cd3-3b44-a8c2-847208ae1423> /Users/USER/*/libboost_locale.dylib
       0x102fcc000 -        0x103117fff libicuuc.dylib (*) <d12a6f4c-a3aa-330b-92f0-a39df5ad76b8> /Users/USER/*/libicuuc.dylib
       0x103560000 -        0x103717fff libicui18n.dylib (*) <d06e3619-58be-3e71-a86f-009076760d5b> /Users/USER/*/libicui18n.dylib
       0x102bbc000 -        0x102bd7fff libffms2.dylib (*) <2dd8c34c-4a65-362e-94e1-928007738512> /Users/USER/*/libffms2.dylib
       0x102dac000 -        0x102dd3fff libuchardet.dylib (*) <03534eb6-9806-382c-9bea-8560e9cb2311> /Users/USER/*/libuchardet.dylib
       0x1031ec000 -        0x1032b7fff libharfbuzz.0.dylib (*) <77a61397-db06-3444-b01d-eae6c1dfd05d> /opt/homebrew/*/libharfbuzz.0.dylib
       0x102de8000 -        0x102e1bfff libfontconfig.1.dylib (*) <348f051c-4847-3342-a00e-ccd07adf2634> /opt/homebrew/*/libfontconfig.1.dylib
       0x102ed0000 -        0x102f4bfff libfreetype.6.dylib (*) <0a7e6c59-803b-3a5a-8f9b-240d7b3025ca> /opt/homebrew/*/libfreetype.6.dylib
       0x1038d4000 -        0x103a3ffff libwx_osx_cocoau_stc-3.3.2.0.0.dylib (*) <393ff3cd-9cd1-31c9-94aa-80476bcc0837> /opt/homebrew/*/libwx_osx_cocoau_stc-3.3.2.0.0.dylib
       0x102bf4000 -        0x102bfffff libwx_osx_cocoau_gl-3.3.2.0.0.dylib (*) <5ac9d1fe-68ea-3268-b822-349769ba6fd8> /opt/homebrew/*/libwx_osx_cocoau_gl-3.3.2.0.0.dylib
       0x104128000 -        0x10444ffff libwx_osx_cocoau_core-3.3.2.0.0.dylib (*) <13c7a6cb-c10e-3cc2-b425-62af320f5699> /opt/homebrew/*/libwx_osx_cocoau_core-3.3.2.0.0.dylib
       0x102b9c000 -        0x102ba7fff libwx_baseu_xml-3.3.2.0.0.dylib (*) <73122b28-aebb-37d6-885d-b3178a2a0b97> /opt/homebrew/*/libwx_baseu_xml-3.3.2.0.0.dylib
       0x103b04000 -        0x103bfbfff libwx_baseu-3.3.2.0.0.dylib (*) <162cfe43-4cd4-356b-b4c7-c42a4e7a3122> /opt/homebrew/*/libwx_baseu-3.3.2.0.0.dylib
       0x1033ec000 -        0x103487fff libhunspell-1.7.0.dylib (*) <ae8536d3-f523-333f-9130-0e2723fe861c> /opt/homebrew/*/libhunspell-1.7.0.dylib
       0x102d1c000 -        0x102d27fff libboost_thread.dylib (*) <7e46c71d-3c8c-31a1-9fea-19a3183d16f8> /Users/USER/*/libboost_thread.dylib
       0x1062a8000 -        0x107dbffff libicudata.dylib (*) <ba0ef3a2-5804-3606-8476-c7244090a6a9> /Users/USER/*/libicudata.dylib
       0x104758000 -        0x104943fff libavformat.62.12.101.dylib (*) <da948b54-d8e2-3e3d-8efc-097ee2fbc2a7> /opt/homebrew/*/libavformat.62.12.101.dylib
       0x1052cc000 -        0x105b7bfff libavcodec.62.28.101.dylib (*) <49303757-5681-368c-9db2-af5b5218adb6> /opt/homebrew/*/libavcodec.62.28.101.dylib
       0x103ccc000 -        0x103d4bfff libswscale.9.5.101.dylib (*) <50bfe305-8558-335e-b305-09019ce57377> /opt/homebrew/*/libswscale.9.5.101.dylib
       0x103da4000 -        0x103e17fff libavutil.60.26.101.dylib (*) <c65071ae-5ed4-3e54-b56c-4b625005edbc> /opt/homebrew/*/libavutil.60.26.101.dylib
       0x102c1c000 -        0x102c2bfff libswresample.6.3.101.dylib (*) <e59853f8-fd79-3cc8-95d6-95ff184ba81f> /opt/homebrew/*/libswresample.6.3.101.dylib
       0x10402c000 -        0x1040bbfff libssl.3.dylib (*) <7860c2a2-633c-31bf-baca-bcc36ca7b5d4> /opt/homebrew/*/libssl.3.dylib
       0x107df8000 -        0x108137fff libcrypto.3.dylib (*) <536fff50-1802-319a-af00-2b227b1855de> /opt/homebrew/*/libcrypto.3.dylib
       0x104b48000 -        0x104cbffff libvpx.12.dylib (*) <abef3286-0a7b-3e10-8825-81c8a863efa8> /opt/homebrew/*/libvpx.12.dylib
       0x104998000 -        0x104a2ffff libdav1d.7.dylib (*) <b317db1b-7e5e-3ad6-8dfb-5f30139ba348> /opt/homebrew/*/libdav1d.7.dylib
       0x103330000 -        0x103363fff libmp3lame.0.dylib (*) <856fb90d-91ac-3a42-b529-e895af08115c> /opt/homebrew/*/libmp3lame.0.dylib
       0x102f6c000 -        0x102fb7fff libopus.0.dylib (*) <1c7445f6-fb0e-33ea-8aa8-18597a9443ac> /opt/homebrew/*/libopus.0.dylib
       0x104fc0000 -        0x105233fff libSvtAv1Enc.4.1.0.dylib (*) <06e58860-87c7-3851-bb90-8d08a10ae2e7> /opt/homebrew/*/libSvtAv1Enc.4.1.0.dylib
       0x108298000 -        0x1083b7fff libx264.165.dylib (*) <b916484f-5239-335b-b9fe-4e71261da16b> /opt/homebrew/*/libx264.165.dylib
       0x108bec000 -        0x1091cbfff libx265.216.dylib (*) <710dc56c-1d6c-3b7b-bba6-157396ddc818> /opt/homebrew/*/libx265.216.dylib
       0x104e4c000 -        0x104f47fff libglib-2.0.0.dylib (*) <a8225889-e14c-3808-bea5-1e02ce39579b> /opt/homebrew/*/libglib-2.0.0.dylib
       0x102e58000 -        0x102e6bfff libgraphite2.3.2.1.dylib (*) <481f6d39-27e3-3c77-a203-99ddb4e2de7f> /opt/homebrew/*/libgraphite2.3.2.1.dylib
       0x1033a8000 -        0x1033cbfff libpng16.16.dylib (*) <68cbdb4a-d121-3925-a2ab-fa1a7598b757> /opt/homebrew/*/libpng16.16.dylib
       0x1034a8000 -        0x1034cffff libintl.8.dylib (*) <9ef58f71-571d-352e-bb98-6e9754d6b30b> /opt/homebrew/*/libintl.8.dylib
       0x104a94000 -        0x104b0bfff libpcre2-8.0.dylib (*) <ac59ae27-0884-3df1-baf1-38015aa7768b> /opt/homebrew/*/libpcre2-8.0.dylib
       0x103f50000 -        0x103faffff libjpeg.8.3.2.dylib (*) <233ce9ad-1aca-349a-ad3d-2af310c97ed4> /opt/homebrew/*/libjpeg.8.3.2.dylib
       0x104d80000 -        0x104de7fff libtiff.6.dylib (*) <04e855be-8431-36cc-9436-6579aeb77d1d> /opt/homebrew/*/libtiff.6.dylib
       0x102c38000 -        0x102c3bfff libwebpdemux.2.0.17.dylib (*) <6731ebdb-d4c0-382e-87f6-096557c61a7e> /opt/homebrew/*/libwebpdemux.2.0.17.dylib
       0x103fc8000 -        0x104007fff libwebp.7.2.0.dylib (*) <d5d18de0-5439-3b6e-8118-b5d7b486ec66> /opt/homebrew/*/libwebp.7.2.0.dylib
       0x1084c8000 -        0x108533fff libpcre2-32.0.dylib (*) <3e2b0a13-695d-3a11-bc27-93dfe49de7ad> /opt/homebrew/*/libpcre2-32.0.dylib
       0x1085ec000 -        0x108673fff libzstd.1.5.7.dylib (*) <1ce1197a-4a2b-3036-984e-95599210332b> /opt/homebrew/*/libzstd.1.5.7.dylib
       0x1034e0000 -        0x1034fffff liblzma.5.dylib (*) <43c01aff-c040-33ff-bb38-5e1ec42d9e75> /opt/homebrew/*/liblzma.5.dylib
       0x102e34000 -        0x102e37fff libsharpyuv.0.1.2.dylib (*) <cffa0a94-bba9-3003-9d80-0b34e6becb0c> /opt/homebrew/*/libsharpyuv.0.1.2.dylib
       0x104108000 -        0x104113fff libobjc-trampolines.dylib (*) <ca58aa96-b997-3a6d-9132-19d49be4b3e9> /usr/lib/libobjc-trampolines.dylib
       0x113cf8000 -        0x11456ffff com.apple.AGXMetalG16X (351.2) <7499d423-c36d-31c5-9c15-3f5b0ad94779> /System/Library/Extensions/AGXMetalG16X.bundle/Contents/MacOS/AGXMetalG16X
       0x112cb8000 -        0x112d1bfff com.apple.AppleMetalOpenGLRenderer (1.0) <ed97217d-dbc3-3bd9-a531-e874ea072aa6> /System/Library/Extensions/AppleMetalOpenGLRenderer.bundle/Contents/MacOS/AppleMetalOpenGLRenderer
       0x18751b000 -        0x188c3df9f com.apple.AppKit (6.9) <cf57a4fc-4be3-3d95-b543-d744e8718b26> /System/Library/Frameworks/AppKit.framework/Versions/C/AppKit
       0x182c8c000 -        0x182d32217 dyld (*) <a237ef81-b68b-37ba-a165-92c965529534> /usr/lib/dyld
               0x0 - 0xffffffffffffffff ??? (*) <00000000-0000-0000-0000-000000000000> ???
       0x183025000 -        0x1830622af libsystem_kernel.dylib (*) <cc1cf985-bc65-3725-809f-4c1e36b8f4ba> /usr/lib/system/libsystem_kernel.dylib
       0x1830a9000 -        0x18360731f com.apple.CoreFoundation (6.9) <04e3598b-f226-3250-b3b2-ce938dd4db7e> /System/Library/Frameworks/CoreFoundation.framework/Versions/A/CoreFoundation
       0x183063000 -        0x18306fb3b libsystem_pthread.dylib (*) <4f33683c-18c8-39a1-800b-2e3bd43bcc13> /usr/lib/system/libsystem_pthread.dylib

External Modification Summary:
  Calls made by other processes targeting this process:
    task_for_pid: 0
    thread_create: 0
    thread_set_state: 0
  Calls made by this process:
    task_for_pid: 0
    thread_create: 0
    thread_set_state: 0
  Calls made by all processes on this machine:
    task_for_pid: 0
    thread_create: 0
    thread_set_state: 0

VM Region Summary:
ReadOnly portion of Libraries: Total=1.9G resident=0K(0%) swapped_out_or_unallocated=1.9G(100%)
Writable regions: Total=213.1M written=817K(0%) resident=817K(0%) swapped_out=0K(0%) unallocated=212.3M(100%)

                                VIRTUAL   REGION
REGION TYPE                        SIZE    COUNT (non-coalesced)
===========                     =======  =======
Accelerate framework               128K        1
Activity Tracing                   256K        1
AttributeGraph Data               1024K        1
CG image                          10.6M       99
CG raster data                    4544K       77
ColorSync                           64K        4
CoreAnimation                     7600K      198
CoreGraphics                        32K        2
CoreImage                          512K        5
CoreUI image data                  944K        8
Foundation                          48K        2
Kernel Alloc Once                   32K        1
MALLOC                           105.3M       34
MALLOC guard page                 4080K        4
Memory Tag 22                     64.0M        1
STACK GUARD                       56.1M        7
Stack                             11.2M        7
VM_ALLOCATE                       3696K       13
__AUTH                            6078K      646
__AUTH_CONST                      90.2M     1036
__CTF                               824        1
__DATA                            44.7M     1025
__DATA_CONST                      37.7M     1084
__DATA_DIRTY                      8421K      887
__FONT_DATA                        2352        1
__GLSLBUILTINS                    5176K        1
__LINKEDIT                       591.6M       48
__OBJC_RO                         79.1M        1
__OBJC_RW                         2599K        1
__TEXT                             1.3G     1110
__TPRO_CONST                       128K        2
dyld private memory                128K        1
mapped file                      565.3M       55
page table in kernel               817K        1
shared memory                     2416K       17
===========                     =======  =======
TOTAL                              2.9G     6382


-----------
Full Report
-----------

{"app_name":"aegisub","timestamp":"2026-07-08 16:22:34.00 +0700","app_version":"","slice_uuid":"7ec1c638-3678-3bf3-9a2e-69c0bdaa9e96","build_version":"","platform":1,"share_with_app_devs":0,"is_first_party":1,"bug_type":"309","os_version":"macOS 26.5 (25F71)","roots_installed":0,"incident_id":"20FD290E-75FA-46BF-8BA8-0F2F272929C5","name":"aegisub"}
{
  "uptime" : 15000,
  "procRole" : "Foreground",
  "version" : 2,
  "userID" : 501,
  "deployVersion" : 210,
  "modelCode" : "Mac16,8",
  "coalitionID" : 1400,
  "osVersion" : {
    "train" : "macOS 26.5",
    "build" : "25F71",
    "releaseType" : "User"
  },
  "captureTime" : "2026-07-08 16:22:25.8149 +0700",
  "codeSigningMonitor" : 2,
  "incident" : "20FD290E-75FA-46BF-8BA8-0F2F272929C5",
  "pid" : 41978,
  "translated" : false,
  "cpuType" : "ARM-64",
  "procLaunch" : "2026-07-08 16:21:23.6363 +0700",
  "procStartAbsTime" : 369373703544,
  "procExitAbsTime" : 370865795146,
  "procName" : "aegisub",
  "procPath" : "\/Users\/USER\/*\/aegisub",
  "parentProc" : "zsh",
  "parentPid" : 41932,
  "coalitionName" : "com.apple.Terminal",
  "crashReporterKey" : "3E570C29-C388-2456-FDB3-F74EDC1889B1",
  "appleIntelligenceStatus" : {"state":"unavailable","reasons":["assetIsNotReady","notOptedIn"]},
  "developerMode" : 1,
  "responsiblePid" : 7277,
  "responsibleProc" : "Terminal",
  "codeSigningID" : "aegisub",
  "codeSigningTeamID" : "",
  "codeSigningFlags" : 570556929,
  "codeSigningValidationCategory" : 10,
  "codeSigningTrustLevel" : 4294967295,
  "codeSigningAuxiliaryInfo" : 0,
  "instructionByteStream" : {"beforePC":"aN7YOagD+Dd\/ghg5f94YOWjSQvnIAwC0AAVA+QEAgFICAIBSD38AlA==","atPC":"iF7AOYkCQPkfAQBxIbGUmuADE6r43QaUiF5AOQkdABOKLkCpPwEAcQ=="},
  "bootSessionUUID" : "8C05F28A-CD58-4450-BADC-DA36262881F6",
  "sleepWakeUUID" : "15670EE5-8437-4F03-A5C0-ADB9FE04ED49",
  "sip" : "disabled",
  "vmRegionInfo" : "0x17 is not in any region.  Bytes before following region: 4330749929\n      REGION TYPE                    START - END         [ VSIZE] PRT\/MAX SHRMOD  REGION DETAIL\n      UNUSED SPACE AT START\n--->  \n      __TEXT                      102220000-102744000    [ 5264K] r-x\/r-x SM=COW  \/Users\/USER\/*\/aegisub",
  "exception" : {"codes":"0x0000000000000001, 0x0000000000000017","rawCodes":[1,23],"type":"EXC_BAD_ACCESS","signal":"SIGSEGV","subtype":"KERN_INVALID_ADDRESS at 0x0000000000000017"},
  "termination" : {"flags":0,"code":11,"namespace":"SIGNAL","indicator":"Segmentation fault: 11","byProc":"exc handler","byPid":41978},
  "vmregioninfo" : "0x17 is not in any region.  Bytes before following region: 4330749929\n      REGION TYPE                    START - END         [ VSIZE] PRT\/MAX SHRMOD  REGION DETAIL\n      UNUSED SPACE AT START\n--->  \n      __TEXT                      102220000-102744000    [ 5264K] r-x\/r-x SM=COW  \/Users\/USER\/*\/aegisub",
  "extMods" : {"caller":{"thread_create":0,"thread_set_state":0,"task_for_pid":0},"system":{"thread_create":0,"thread_set_state":0,"task_for_pid":0},"targeted":{"thread_create":0,"thread_set_state":0,"task_for_pid":0},"warnings":0},
  "faultingThread" : 0,
  "threads" : [{"triggered":true,"id":613415,"threadState":{"x":[{"value":31219296000},{"sourceLine":404,"value":4332735176,"sourceFile":"subs_controller.cpp","symbol":"SubsController::OnTextSelectionChanged()","symbolLocation":0},{"value":0},{"value":6136127156},{"value":6136127152},{"value":32},{"value":18446744072631617535},{"value":18446726482597246976},{"value":31204476000},{"value":31220513472},{"value":21},{"value":34},{"value":85},{"value":31201961280},{"value":360287974556987591,"symbolLocation":360287970189639687,"symbol":"OBJC_CLASS_$_wxNSView"},{"value":4367347904,"symbolLocation":0,"symbol":"OBJC_CLASS_$_wxNSView"},{"value":4367347904,"symbolLocation":0,"symbol":"OBJC_CLASS_$_wxNSView"},{"value":6565863036,"symbolLocation":0,"symbol":"-[NSView alignmentRectInsets]"},{"value":0},{"value":31221013504},{"value":0},{"value":15},{"value":14757395258967641293},{"value":21},{"value":18446744073709551615},{"value":1},{"value":4},{"value":0},{"value":4367357980,"symbolLocation":0,"symbol":"wxEVT_RIGHT_DCLICK"}],"flavor":"ARM_THREAD_STATE64","lr":{"value":4332820696},"cpsr":{"value":1610612736},"fp":{"value":6136127936},"sp":{"value":6136127872},"esr":{"value":2449473542,"description":"(Data Abort) byte read Translation fault"},"pc":{"value":4332820696,"matchesCrashFrame":1},"far":{"value":23}},"queue":"com.apple.main-thread","frames":[{"symbol":"std::__1::basic_string<char, std::__1::char_traits<char>, std::__1::allocator<char>>::__is_long[abi:fqe210106]() const","inline":true,"imageIndex":0,"imageOffset":2070744,"symbolLocation":0,"sourceLine":2095,"sourceFile":"string"},{"symbol":"std::__1::basic_string<char, std::__1::char_traits<char>, std::__1::allocator<char>>::__get_pointer[abi:fqe210106]() const","inline":true,"imageIndex":0,"imageOffset":2070744,"symbolLocation":0,"sourceLine":2236,"sourceFile":"string"},{"symbol":"std::__1::basic_string<char, std::__1::char_traits<char>, std::__1::allocator<char>>::data[abi:fqe210106]() const","inline":true,"imageIndex":0,"imageOffset":2070744,"symbolLocation":0,"sourceLine":1770,"sourceFile":"string"},{"symbol":"std::__1::basic_string<char, std::__1::char_traits<char>, std::__1::allocator<char>>::c_str[abi:fqe210106]() const","inline":true,"imageIndex":0,"imageOffset":2070744,"symbolLocation":0,"sourceLine":1768,"sourceFile":"string"},{"imageOffset":2070744,"sourceLine":412,"sourceFile":"subs_edit_ctrl.cpp","symbol":"SubsTextEditCtrl::SetTextTo(std::__1::basic_string<char, std::__1::char_traits<char>, std::__1::allocator<char>> const&)","imageIndex":0,"symbolLocation":288},{"imageOffset":2035868,"sourceLine":451,"sourceFile":"subs_edit_box.cpp","symbol":"SubsEditBox::UpdateFields(int, bool)","imageIndex":0,"symbolLocation":116},{"imageOffset":2033464,"sourceLine":510,"sourceFile":"subs_edit_box.cpp","symbol":"SubsEditBox::OnActiveLineChanged(AssDialogue*)","imageIndex":0,"symbolLocation":72},{"symbol":"std::__1::__function::__value_func<void (AssDialogue*)>::operator()[abi:fqe210106](AssDialogue*&&) const","inline":true,"imageIndex":0,"imageOffset":1969552,"symbolLocation":24,"sourceLine":274,"sourceFile":"function.h"},{"symbol":"std::__1::function<void (AssDialogue*)>::operator()(AssDialogue*) const","inline":true,"imageIndex":0,"imageOffset":1969552,"symbolLocation":24,"sourceLine":772,"sourceFile":"function.h"},{"symbol":"agi::signal::Signal<AssDialogue*>::operator()(AssDialogue*)","inline":true,"imageIndex":0,"imageOffset":1969552,"symbolLocation":120,"sourceLine":156,"sourceFile":"signal.h"},{"imageOffset":1969552,"sourceLine":51,"sourceFile":"selection_controller.cpp","symbol":"SelectionController::SetSelectionAndActive(std::__1::set<AssDialogue*, std::__1::less<AssDialogue*>, std::__1::allocator<AssDialogue*>>, AssDialogue*)","imageIndex":0,"symbolLocation":368},{"imageOffset":1237452,"sourceLine":557,"sourceFile":"dialog_search_replace.cpp","symbol":"DialogSearchReplace<true>::GoToPreviewSelection(unsigned long)","imageIndex":0,"symbolLocation":148},{"symbol":"std::__1::__function::__value_func<void (unsigned long)>::operator()[abi:fqe210106](unsigned long&&) const","inline":true,"imageIndex":0,"imageOffset":1240092,"symbolLocation":24,"sourceLine":274,"sourceFile":"function.h"},{"symbol":"std::__1::function<void (unsigned long)>::operator()(unsigned long) const","inline":true,"imageIndex":0,"imageOffset":1240092,"symbolLocation":24,"sourceLine":772,"sourceFile":"function.h"},{"imageOffset":1240092,"sourceLine":279,"sourceFile":"dialog_search_replace.cpp","symbol":"SearchReplacePreview::SetSelection(int)","imageIndex":0,"symbolLocation":248},{"imageOffset":1248012,"sourceLine":216,"sourceFile":"dialog_search_replace.cpp","symbol":"SearchReplacePreview::OnLeftDown(wxMouseEvent&)","imageIndex":0,"symbolLocation":260},{"imageOffset":770384,"symbol":"wxEvtHandler::ProcessEventIfMatchesId(wxEventTableEntryBase const&, wxEvtHandler*, wxEvent&)","symbolLocation":112,"imageIndex":13},{"imageOffset":773960,"symbol":"wxEvtHandler::SearchDynamicEventTable(wxEvent&)","symbolLocation":188,"imageIndex":13},{"imageOffset":773660,"symbol":"wxEvtHandler::TryHereOnly(wxEvent&)","symbolLocation":60,"imageIndex":13},{"imageOffset":773420,"symbol":"wxEvtHandler::ProcessEventLocally(wxEvent&)","symbolLocation":48,"imageIndex":13},{"imageOffset":773240,"symbol":"wxEvtHandler::ProcessEvent(wxEvent&)","symbolLocation":112,"imageIndex":13},{"imageOffset":1760396,"symbol":"wxScrollHelperEvtHandler::ProcessEvent(wxEvent&)","symbolLocation":120,"imageIndex":11},{"imageOffset":772840,"symbol":"wxEvtHandler::SafelyProcessEvent(wxEvent&)","symbolLocation":68,"imageIndex":13},{"imageOffset":727208,"symbol":"wxWidgetCocoaImpl::DoHandleMouseEvent(NSEvent*)","symbolLocation":164,"imageIndex":11},{"imageOffset":708820,"symbol":"wxWidgetCocoaImpl::mouseEvent(NSEvent*, NSView*, void*)","symbolLocation":180,"imageIndex":11},{"imageOffset":1895428,"symbol":"-[NSWindow(NSEventRouting) _handleMouseDownEvent:isDelayedEvent:]","symbolLocation":3696,"imageIndex":47},{"imageOffset":1430004,"symbol":"-[NSWindow(NSEventRouting) _reallySendEvent:isDelayedEvent:]","symbolLocation":492,"imageIndex":47},{"imageOffset":1429092,"symbol":"-[NSWindow(NSEventRouting) sendEvent:]","symbolLocation":380,"imageIndex":47},{"imageOffset":646056,"symbol":"-[wxNSPanel sendEvent:]","symbolLocation":116,"imageIndex":11},{"imageOffset":12375052,"symbol":"-[NSApplication(NSEventRouting) sendEvent:]","symbolLocation":1276,"imageIndex":47},{"imageOffset":8496740,"symbol":"-[NSApplication _handleEvent:]","symbolLocation":60,"imageIndex":47},{"imageOffset":180580,"symbol":"-[NSApplication run]","symbolLocation":408,"imageIndex":47},{"imageOffset":615844,"symbol":"wxGUIEventLoop::OSXDoRun()","symbolLocation":112,"imageIndex":11},{"imageOffset":674188,"symbol":"wxCFEventLoop::DoRun()","symbolLocation":76,"imageIndex":13},{"imageOffset":192488,"symbol":"wxEventLoopBase::Run()","symbolLocation":112,"imageIndex":13},{"imageOffset":35928,"symbol":"wxAppConsoleBase::MainLoop()","symbolLocation":132,"imageIndex":13},{"imageOffset":1632364,"sourceLine":456,"sourceFile":"main.cpp","symbol":"AegisubApp::OnRun()","imageIndex":0,"symbolLocation":40},{"imageOffset":341168,"symbol":"wxEntry(int&, wchar_t**)","symbolLocation":292,"imageIndex":13},{"imageOffset":1619524,"sourceLine":82,"sourceFile":"main.cpp","symbol":"main","imageIndex":0,"symbolLocation":24},{"imageOffset":130560,"symbol":"start","symbolLocation":6992,"imageIndex":48}]},{"id":613429,"name":"com.apple.NSEventThread","threadState":{"x":[{"value":268451845},{"value":21592279046},{"value":8589934592,"objc-selector":"FileCoordinatedDictionaryUtilities"},{"value":100068443029504},{"value":0},{"value":100068443029504},{"value":2},{"value":4294967295},{"value":0},{"value":17179869184},{"value":0},{"value":2},{"value":0},{"value":0},{"value":23299},{"value":0},{"value":18446744073709551569},{"value":8330049296},{"value":0},{"value":4294967295},{"value":2},{"value":100068443029504},{"value":0},{"value":100068443029504},{"value":21592279046},{"value":6137831560},{"value":8589934592,"objc-selector":"FileCoordinatedDictionaryUtilities"},{"value":18446744073709550527},{"value":4412409862,"symbolLocation":13991094,"symbol":"icudt67_dat"}],"flavor":"ARM_THREAD_STATE64","lr":{"value":6493013364},"cpsr":{"value":0},"fp":{"value":6137831408},"sp":{"value":6137831328},"esr":{"value":1442840704,"description":"(Syscall)"},"pc":{"value":6492937268},"far":{"value":0}},"frames":[{"imageOffset":3124,"symbol":"mach_msg2_trap","symbolLocation":8,"imageIndex":50},{"imageOffset":79220,"symbol":"mach_msg2_internal","symbolLocation":76,"imageIndex":50},{"imageOffset":39360,"symbol":"mach_msg_overwrite","symbolLocation":480,"imageIndex":50},{"imageOffset":4032,"symbol":"mach_msg","symbolLocation":24,"imageIndex":50},{"imageOffset":516312,"symbol":"__CFRunLoopServiceMachPort","symbolLocation":160,"imageIndex":51},{"imageOffset":510404,"symbol":"__CFRunLoopRun","symbolLocation":1188,"imageIndex":51},{"imageOffset":1372612,"symbol":"_CFRunLoopRunSpecificWithOptions","symbolLocation":532,"imageIndex":51},{"imageOffset":1420412,"symbol":"_NSEventThread","symbolLocation":184,"imageIndex":47},{"imageOffset":27736,"symbol":"_pthread_start","symbolLocation":136,"imageIndex":52},{"imageOffset":7196,"symbol":"thread_start","symbolLocation":8,"imageIndex":52}]},{"id":613460,"frames":[],"threadState":{"x":[{"value":6141849600},{"value":48387},{"value":6141313024},{"value":0},{"value":409604},{"value":18446744073709551615},{"value":0},{"value":0},{"value":0},{"value":0},{"value":0},{"value":0},{"value":0},{"value":0},{"value":0},{"value":0},{"value":0},{"value":0},{"value":0},{"value":0},{"value":0},{"value":0},{"value":0},{"value":0},{"value":0},{"value":0},{"value":0},{"value":0},{"value":0}],"flavor":"ARM_THREAD_STATE64","lr":{"value":0},"cpsr":{"value":0},"fp":{"value":0},"sp":{"value":6141849600},"esr":{"value":1442840704,"description":"(Syscall)"},"pc":{"value":6493195272},"far":{"value":0}}},{"id":613714,"frames":[],"threadState":{"x":[{"value":6140702720},{"value":52027},{"value":6140166144},{"value":0},{"value":409604},{"value":18446744073709551615},{"value":0},{"value":0},{"value":0},{"value":0},{"value":0},{"value":0},{"value":0},{"value":0},{"value":0},{"value":0},{"value":0},{"value":0},{"value":0},{"value":0},{"value":0},{"value":0},{"value":0},{"value":0},{"value":0},{"value":0},{"value":0},{"value":0},{"value":0}],"flavor":"ARM_THREAD_STATE64","lr":{"value":0},"cpsr":{"value":0},"fp":{"value":0},"sp":{"value":6140702720},"esr":{"value":1442840704,"description":"(Syscall)"},"pc":{"value":6493195272},"far":{"value":0}}},{"id":614004,"frames":[],"threadState":{"x":[{"value":6136688640},{"value":71255},{"value":6136152064},{"value":0},{"value":409604},{"value":18446744073709551615},{"value":0},{"value":0},{"value":0},{"value":0},{"value":0},{"value":0},{"value":0},{"value":0},{"value":0},{"value":0},{"value":0},{"value":0},{"value":0},{"value":0},{"value":0},{"value":0},{"value":0},{"value":0},{"value":0},{"value":0},{"value":0},{"value":0},{"value":0}],"flavor":"ARM_THREAD_STATE64","lr":{"value":0},"cpsr":{"value":0},"fp":{"value":0},"sp":{"value":6136688640},"esr":{"value":1442840704,"description":"(Syscall)"},"pc":{"value":6493195272},"far":{"value":0}}},{"id":614095,"frames":[],"threadState":{"x":[{"value":6137262080},{"value":107607},{"value":6136725504},{"value":0},{"value":409604},{"value":18446744073709551615},{"value":0},{"value":0},{"value":0},{"value":0},{"value":0},{"value":0},{"value":0},{"value":0},{"value":0},{"value":0},{"value":0},{"value":0},{"value":0},{"value":0},{"value":0},{"value":0},{"value":0},{"value":0},{"value":0},{"value":0},{"value":0},{"value":0},{"value":0}],"flavor":"ARM_THREAD_STATE64","lr":{"value":0},"cpsr":{"value":0},"fp":{"value":0},"sp":{"value":6137262080},"esr":{"value":1442840704,"description":"(Syscall)"},"pc":{"value":6493195272},"far":{"value":0}}},{"id":614096,"frames":[],"threadState":{"x":[{"value":6138408960},{"value":0},{"value":6137872384},{"value":0},{"value":278532},{"value":18446744073709551615},{"value":0},{"value":0},{"value":0},{"value":0},{"value":0},{"value":0},{"value":0},{"value":0},{"value":0},{"value":0},{"value":0},{"value":0},{"value":0},{"value":0},{"value":0},{"value":0},{"value":0},{"value":0},{"value":0},{"value":0},{"value":0},{"value":0},{"value":0}],"flavor":"ARM_THREAD_STATE64","lr":{"value":0},"cpsr":{"value":0},"fp":{"value":0},"sp":{"value":6138408960},"esr":{"value":0},"pc":{"value":6493195272},"far":{"value":0}}}],
  "usedImages" : [
  {
    "source" : "P",
    "arch" : "arm64",
    "base" : 4330749952,
    "size" : 5390336,
    "uuid" : "7ec1c638-3678-3bf3-9a2e-69c0bdaa9e96",
    "path" : "\/Users\/USER\/*\/aegisub",
    "name" : "aegisub"
  },
  {
    "source" : "P",
    "arch" : "arm64",
    "base" : 4341432320,
    "size" : 376832,
    "uuid" : "d10aee61-2cd3-3b44-a8c2-847208ae1423",
    "path" : "\/Users\/USER\/*\/libboost_locale.dylib",
    "name" : "libboost_locale.dylib"
  },
  {
    "source" : "P",
    "arch" : "arm64",
    "base" : 4345085952,
    "size" : 1359872,
    "uuid" : "d12a6f4c-a3aa-330b-92f0-a39df5ad76b8",
    "path" : "\/Users\/USER\/*\/libicuuc.dylib",
    "name" : "libicuuc.dylib"
  },
  {
    "source" : "P",
    "arch" : "arm64",
    "base" : 4350935040,
    "size" : 1802240,
    "uuid" : "d06e3619-58be-3e71-a86f-009076760d5b",
    "path" : "\/Users\/USER\/*\/libicui18n.dylib",
    "name" : "libicui18n.dylib"
  },
  {
    "source" : "P",
    "arch" : "arm64",
    "base" : 4340826112,
    "size" : 114688,
    "uuid" : "2dd8c34c-4a65-362e-94e1-928007738512",
    "path" : "\/Users\/USER\/*\/libffms2.dylib",
    "name" : "libffms2.dylib"
  },
  {
    "source" : "P",
    "arch" : "arm64",
    "base" : 4342857728,
    "size" : 163840,
    "uuid" : "03534eb6-9806-382c-9bea-8560e9cb2311",
    "path" : "\/Users\/USER\/*\/libuchardet.dylib",
    "name" : "libuchardet.dylib"
  },
  {
    "source" : "P",
    "arch" : "arm64",
    "base" : 4347314176,
    "size" : 835584,
    "uuid" : "77a61397-db06-3444-b01d-eae6c1dfd05d",
    "path" : "\/opt\/homebrew\/*\/libharfbuzz.0.dylib",
    "name" : "libharfbuzz.0.dylib"
  },
  {
    "source" : "P",
    "arch" : "arm64",
    "base" : 4343103488,
    "size" : 212992,
    "uuid" : "348f051c-4847-3342-a00e-ccd07adf2634",
    "path" : "\/opt\/homebrew\/*\/libfontconfig.1.dylib",
    "name" : "libfontconfig.1.dylib"
  },
  {
    "source" : "P",
    "arch" : "arm64",
    "base" : 4344053760,
    "size" : 507904,
    "uuid" : "0a7e6c59-803b-3a5a-8f9b-240d7b3025ca",
    "path" : "\/opt\/homebrew\/*\/libfreetype.6.dylib",
    "name" : "libfreetype.6.dylib"
  },
  {
    "source" : "P",
    "arch" : "arm64",
    "base" : 4354555904,
    "size" : 1490944,
    "uuid" : "393ff3cd-9cd1-31c9-94aa-80476bcc0837",
    "path" : "\/opt\/homebrew\/*\/libwx_osx_cocoau_stc-3.3.2.0.0.dylib",
    "name" : "libwx_osx_cocoau_stc-3.3.2.0.0.dylib"
  },
  {
    "source" : "P",
    "arch" : "arm64",
    "base" : 4341055488,
    "size" : 49152,
    "uuid" : "5ac9d1fe-68ea-3268-b822-349769ba6fd8",
    "path" : "\/opt\/homebrew\/*\/libwx_osx_cocoau_gl-3.3.2.0.0.dylib",
    "name" : "libwx_osx_cocoau_gl-3.3.2.0.0.dylib"
  },
  {
    "source" : "P",
    "arch" : "arm64",
    "base" : 4363288576,
    "size" : 3309568,
    "uuid" : "13c7a6cb-c10e-3cc2-b425-62af320f5699",
    "path" : "\/opt\/homebrew\/*\/libwx_osx_cocoau_core-3.3.2.0.0.dylib",
    "name" : "libwx_osx_cocoau_core-3.3.2.0.0.dylib"
  },
  {
    "source" : "P",
    "arch" : "arm64",
    "base" : 4340695040,
    "size" : 49152,
    "uuid" : "73122b28-aebb-37d6-885d-b3178a2a0b97",
    "path" : "\/opt\/homebrew\/*\/libwx_baseu_xml-3.3.2.0.0.dylib",
    "name" : "libwx_baseu_xml-3.3.2.0.0.dylib"
  },
  {
    "source" : "P",
    "arch" : "arm64",
    "base" : 4356849664,
    "size" : 1015808,
    "uuid" : "162cfe43-4cd4-356b-b4c7-c42a4e7a3122",
    "path" : "\/opt\/homebrew\/*\/libwx_baseu-3.3.2.0.0.dylib",
    "name" : "libwx_baseu-3.3.2.0.0.dylib"
  },
  {
    "source" : "P",
    "arch" : "arm64",
    "base" : 4349411328,
    "size" : 638976,
    "uuid" : "ae8536d3-f523-333f-9130-0e2723fe861c",
    "path" : "\/opt\/homebrew\/*\/libhunspell-1.7.0.dylib",
    "name" : "libhunspell-1.7.0.dylib"
  },
  {
    "source" : "P",
    "arch" : "arm64",
    "base" : 4342267904,
    "size" : 49152,
    "uuid" : "7e46c71d-3c8c-31a1-9fea-19a3183d16f8",
    "path" : "\/Users\/USER\/*\/libboost_thread.dylib",
    "name" : "libboost_thread.dylib"
  },
  {
    "source" : "P",
    "arch" : "arm64",
    "base" : 4398415872,
    "size" : 28409856,
    "uuid" : "ba0ef3a2-5804-3606-8476-c7244090a6a9",
    "path" : "\/Users\/USER\/*\/libicudata.dylib",
    "name" : "libicudata.dylib"
  },
  {
    "source" : "P",
    "arch" : "arm64",
    "base" : 4369776640,
    "size" : 2015232,
    "uuid" : "da948b54-d8e2-3e3d-8efc-097ee2fbc2a7",
    "path" : "\/opt\/homebrew\/*\/libavformat.62.12.101.dylib",
    "name" : "libavformat.62.12.101.dylib"
  },
  {
    "source" : "P",
    "arch" : "arm64",
    "base" : 4381786112,
    "size" : 9109504,
    "uuid" : "49303757-5681-368c-9db2-af5b5218adb6",
    "path" : "\/opt\/homebrew\/*\/libavcodec.62.28.101.dylib",
    "name" : "libavcodec.62.28.101.dylib"
  },
  {
    "source" : "P",
    "arch" : "arm64",
    "base" : 4358717440,
    "size" : 524288,
    "uuid" : "50bfe305-8558-335e-b305-09019ce57377",
    "path" : "\/opt\/homebrew\/*\/libswscale.9.5.101.dylib",
    "name" : "libswscale.9.5.101.dylib"
  },
  {
    "source" : "P",
    "arch" : "arm64",
    "base" : 4359602176,
    "size" : 475136,
    "uuid" : "c65071ae-5ed4-3e54-b56c-4b625005edbc",
    "path" : "\/opt\/homebrew\/*\/libavutil.60.26.101.dylib",
    "name" : "libavutil.60.26.101.dylib"
  },
  {
    "source" : "P",
    "arch" : "arm64",
    "base" : 4341219328,
    "size" : 65536,
    "uuid" : "e59853f8-fd79-3cc8-95d6-95ff184ba81f",
    "path" : "\/opt\/homebrew\/*\/libswresample.6.3.101.dylib",
    "name" : "libswresample.6.3.101.dylib"
  },
  {
    "source" : "P",
    "arch" : "arm64",
    "base" : 4362256384,
    "size" : 589824,
    "uuid" : "7860c2a2-633c-31bf-baca-bcc36ca7b5d4",
    "path" : "\/opt\/homebrew\/*\/libssl.3.dylib",
    "name" : "libssl.3.dylib"
  },
  {
    "source" : "P",
    "arch" : "arm64",
    "base" : 4427055104,
    "size" : 3407872,
    "uuid" : "536fff50-1802-319a-af00-2b227b1855de",
    "path" : "\/opt\/homebrew\/*\/libcrypto.3.dylib",
    "name" : "libcrypto.3.dylib"
  },
  {
    "source" : "P",
    "arch" : "arm64",
    "base" : 4373905408,
    "size" : 1540096,
    "uuid" : "abef3286-0a7b-3e10-8825-81c8a863efa8",
    "path" : "\/opt\/homebrew\/*\/libvpx.12.dylib",
    "name" : "libvpx.12.dylib"
  },
  {
    "source" : "P",
    "arch" : "arm64",
    "base" : 4372135936,
    "size" : 622592,
    "uuid" : "b317db1b-7e5e-3ad6-8dfb-5f30139ba348",
    "path" : "\/opt\/homebrew\/*\/libdav1d.7.dylib",
    "name" : "libdav1d.7.dylib"
  },
  {
    "source" : "P",
    "arch" : "arm64",
    "base" : 4348641280,
    "size" : 212992,
    "uuid" : "856fb90d-91ac-3a42-b529-e895af08115c",
    "path" : "\/opt\/homebrew\/*\/libmp3lame.0.dylib",
    "name" : "libmp3lame.0.dylib"
  },
  {
    "source" : "P",
    "arch" : "arm64",
    "base" : 4344692736,
    "size" : 311296,
    "uuid" : "1c7445f6-fb0e-33ea-8aa8-18597a9443ac",
    "path" : "\/opt\/homebrew\/*\/libopus.0.dylib",
    "name" : "libopus.0.dylib"
  },
  {
    "source" : "P",
    "arch" : "arm64",
    "base" : 4378591232,
    "size" : 2572288,
    "uuid" : "06e58860-87c7-3851-bb90-8d08a10ae2e7",
    "path" : "\/opt\/homebrew\/*\/libSvtAv1Enc.4.1.0.dylib",
    "name" : "libSvtAv1Enc.4.1.0.dylib"
  },
  {
    "source" : "P",
    "arch" : "arm64",
    "base" : 4431904768,
    "size" : 1179648,
    "uuid" : "b916484f-5239-335b-b9fe-4e71261da16b",
    "path" : "\/opt\/homebrew\/*\/libx264.165.dylib",
    "name" : "libx264.165.dylib"
  },
  {
    "source" : "P",
    "arch" : "arm64",
    "base" : 4441686016,
    "size" : 6160384,
    "uuid" : "710dc56c-1d6c-3b7b-bba6-157396ddc818",
    "path" : "\/opt\/homebrew\/*\/libx265.216.dylib",
    "name" : "libx265.216.dylib"
  },
  {
    "source" : "P",
    "arch" : "arm64",
    "base" : 4377067520,
    "size" : 1032192,
    "uuid" : "a8225889-e14c-3808-bea5-1e02ce39579b",
    "path" : "\/opt\/homebrew\/*\/libglib-2.0.0.dylib",
    "name" : "libglib-2.0.0.dylib"
  },
  {
    "source" : "P",
    "arch" : "arm64",
    "base" : 4343562240,
    "size" : 81920,
    "uuid" : "481f6d39-27e3-3c77-a203-99ddb4e2de7f",
    "path" : "\/opt\/homebrew\/*\/libgraphite2.3.2.1.dylib",
    "name" : "libgraphite2.3.2.1.dylib"
  },
  {
    "source" : "P",
    "arch" : "arm64",
    "base" : 4349132800,
    "size" : 147456,
    "uuid" : "68cbdb4a-d121-3925-a2ab-fa1a7598b757",
    "path" : "\/opt\/homebrew\/*\/libpng16.16.dylib",
    "name" : "libpng16.16.dylib"
  },
  {
    "source" : "P",
    "arch" : "arm64",
    "base" : 4350181376,
    "size" : 163840,
    "uuid" : "9ef58f71-571d-352e-bb98-6e9754d6b30b",
    "path" : "\/opt\/homebrew\/*\/libintl.8.dylib",
    "name" : "libintl.8.dylib"
  },
  {
    "source" : "P",
    "arch" : "arm64",
    "base" : 4373168128,
    "size" : 491520,
    "uuid" : "ac59ae27-0884-3df1-baf1-38015aa7768b",
    "path" : "\/opt\/homebrew\/*\/libpcre2-8.0.dylib",
    "name" : "libpcre2-8.0.dylib"
  },
  {
    "source" : "P",
    "arch" : "arm64",
    "base" : 4361355264,
    "size" : 393216,
    "uuid" : "233ce9ad-1aca-349a-ad3d-2af310c97ed4",
    "path" : "\/opt\/homebrew\/*\/libjpeg.8.3.2.dylib",
    "name" : "libjpeg.8.3.2.dylib"
  },
  {
    "source" : "P",
    "arch" : "arm64",
    "base" : 4376231936,
    "size" : 425984,
    "uuid" : "04e855be-8431-36cc-9436-6579aeb77d1d",
    "path" : "\/opt\/homebrew\/*\/libtiff.6.dylib",
    "name" : "libtiff.6.dylib"
  },
  {
    "source" : "P",
    "arch" : "arm64",
    "base" : 4341334016,
    "size" : 16384,
    "uuid" : "6731ebdb-d4c0-382e-87f6-096557c61a7e",
    "path" : "\/opt\/homebrew\/*\/libwebpdemux.2.0.17.dylib",
    "name" : "libwebpdemux.2.0.17.dylib"
  },
  {
    "source" : "P",
    "arch" : "arm64",
    "base" : 4361846784,
    "size" : 262144,
    "uuid" : "d5d18de0-5439-3b6e-8118-b5d7b486ec66",
    "path" : "\/opt\/homebrew\/*\/libwebp.7.2.0.dylib",
    "name" : "libwebp.7.2.0.dylib"
  },
  {
    "source" : "P",
    "arch" : "arm64",
    "base" : 4434198528,
    "size" : 442368,
    "uuid" : "3e2b0a13-695d-3a11-bc27-93dfe49de7ad",
    "path" : "\/opt\/homebrew\/*\/libpcre2-32.0.dylib",
    "name" : "libpcre2-32.0.dylib"
  },
  {
    "source" : "P",
    "arch" : "arm64",
    "base" : 4435394560,
    "size" : 557056,
    "uuid" : "1ce1197a-4a2b-3036-984e-95599210332b",
    "path" : "\/opt\/homebrew\/*\/libzstd.1.5.7.dylib",
    "name" : "libzstd.1.5.7.dylib"
  },
  {
    "source" : "P",
    "arch" : "arm64",
    "base" : 4350410752,
    "size" : 131072,
    "uuid" : "43c01aff-c040-33ff-bb38-5e1ec42d9e75",
    "path" : "\/opt\/homebrew\/*\/liblzma.5.dylib",
    "name" : "liblzma.5.dylib"
  },
  {
    "source" : "P",
    "arch" : "arm64",
    "base" : 4343414784,
    "size" : 16384,
    "uuid" : "cffa0a94-bba9-3003-9d80-0b34e6becb0c",
    "path" : "\/opt\/homebrew\/*\/libsharpyuv.0.1.2.dylib",
    "name" : "libsharpyuv.0.1.2.dylib"
  },
  {
    "source" : "P",
    "arch" : "arm64e",
    "base" : 4363157504,
    "size" : 49152,
    "uuid" : "ca58aa96-b997-3a6d-9132-19d49be4b3e9",
    "path" : "\/usr\/lib\/libobjc-trampolines.dylib",
    "name" : "libobjc-trampolines.dylib"
  },
  {
    "source" : "P",
    "arch" : "arm64e",
    "base" : 4627333120,
    "CFBundleShortVersionString" : "351.2",
    "CFBundleIdentifier" : "com.apple.AGXMetalG16X",
    "size" : 8880128,
    "uuid" : "7499d423-c36d-31c5-9c15-3f5b0ad94779",
    "path" : "\/System\/Library\/Extensions\/AGXMetalG16X.bundle\/Contents\/MacOS\/AGXMetalG16X",
    "name" : "AGXMetalG16X",
    "CFBundleVersion" : "351.2"
  },
  {
    "source" : "P",
    "arch" : "arm64e",
    "base" : 4610293760,
    "CFBundleShortVersionString" : "1.0",
    "CFBundleIdentifier" : "com.apple.AppleMetalOpenGLRenderer",
    "size" : 409600,
    "uuid" : "ed97217d-dbc3-3bd9-a531-e874ea072aa6",
    "path" : "\/System\/Library\/Extensions\/AppleMetalOpenGLRenderer.bundle\/Contents\/MacOS\/AppleMetalOpenGLRenderer",
    "name" : "AppleMetalOpenGLRenderer",
    "CFBundleVersion" : "1"
  },
  {
    "source" : "P",
    "arch" : "arm64e",
    "base" : 6565244928,
    "CFBundleShortVersionString" : "6.9",
    "CFBundleIdentifier" : "com.apple.AppKit",
    "size" : 24260512,
    "uuid" : "cf57a4fc-4be3-3d95-b543-d744e8718b26",
    "path" : "\/System\/Library\/Frameworks\/AppKit.framework\/Versions\/C\/AppKit",
    "name" : "AppKit",
    "CFBundleVersion" : "2685.60.104"
  },
  {
    "source" : "P",
    "arch" : "arm64e",
    "base" : 6489161728,
    "size" : 680472,
    "uuid" : "a237ef81-b68b-37ba-a165-92c965529534",
    "path" : "\/usr\/lib\/dyld",
    "name" : "dyld"
  },
  {
    "size" : 0,
    "source" : "A",
    "base" : 0,
    "uuid" : "00000000-0000-0000-0000-000000000000"
  },
  {
    "source" : "P",
    "arch" : "arm64e",
    "base" : 6492934144,
    "size" : 250544,
    "uuid" : "cc1cf985-bc65-3725-809f-4c1e36b8f4ba",
    "path" : "\/usr\/lib\/system\/libsystem_kernel.dylib",
    "name" : "libsystem_kernel.dylib"
  },
  {
    "source" : "P",
    "arch" : "arm64e",
    "base" : 6493474816,
    "CFBundleShortVersionString" : "6.9",
    "CFBundleIdentifier" : "com.apple.CoreFoundation",
    "size" : 5628704,
    "uuid" : "04e3598b-f226-3250-b3b2-ce938dd4db7e",
    "path" : "\/System\/Library\/Frameworks\/CoreFoundation.framework\/Versions\/A\/CoreFoundation",
    "name" : "CoreFoundation",
    "CFBundleVersion" : "5026.5.4"
  },
  {
    "source" : "P",
    "arch" : "arm64e",
    "base" : 6493188096,
    "size" : 52028,
    "uuid" : "4f33683c-18c8-39a1-800b-2e3bd43bcc13",
    "path" : "\/usr\/lib\/system\/libsystem_pthread.dylib",
    "name" : "libsystem_pthread.dylib"
  }
],
  "sharedCache" : {
  "base" : 6488031232,
  "size" : 5990596608,
  "uuid" : "46e0097f-f385-36c8-84a9-a40d315a32d1"
},
  "vmSummary" : "ReadOnly portion of Libraries: Total=1.9G resident=0K(0%) swapped_out_or_unallocated=1.9G(100%)\nWritable regions: Total=213.1M written=817K(0%) resident=817K(0%) swapped_out=0K(0%) unallocated=212.3M(100%)\n\n                                VIRTUAL   REGION \nREGION TYPE                        SIZE    COUNT (non-coalesced) \n===========                     =======  ======= \nAccelerate framework               128K        1 \nActivity Tracing                   256K        1 \nAttributeGraph Data               1024K        1 \nCG image                          10.6M       99 \nCG raster data                    4544K       77 \nColorSync                           64K        4 \nCoreAnimation                     7600K      198 \nCoreGraphics                        32K        2 \nCoreImage                          512K        5 \nCoreUI image data                  944K        8 \nFoundation                          48K        2 \nKernel Alloc Once                   32K        1 \nMALLOC                           105.3M       34 \nMALLOC guard page                 4080K        4 \nMemory Tag 22                     64.0M        1 \nSTACK GUARD                       56.1M        7 \nStack                             11.2M        7 \nVM_ALLOCATE                       3696K       13 \n__AUTH                            6078K      646 \n__AUTH_CONST                      90.2M     1036 \n__CTF                               824        1 \n__DATA                            44.7M     1025 \n__DATA_CONST                      37.7M     1084 \n__DATA_DIRTY                      8421K      887 \n__FONT_DATA                        2352        1 \n__GLSLBUILTINS                    5176K        1 \n__LINKEDIT                       591.6M       48 \n__OBJC_RO                         79.1M        1 \n__OBJC_RW                         2599K        1 \n__TEXT                             1.3G     1110 \n__TPRO_CONST                       128K        2 \ndyld private memory                128K        1 \nmapped file                      565.3M       55 \npage table in kernel               817K        1 \nshared memory                     2416K       17 \n===========                     =======  ======= \nTOTAL                              2.9G     6382 \n",
  "legacyInfo" : {
  "threadTriggered" : {
    "queue" : "com.apple.main-thread"
  }
},
  "logWritingSignature" : "38fc4da470e3f7bc9a564bc0580b1307d06ed90e",
  "bug_type" : "309",
  "roots_installed" : 0,
  "trmStatus" : 1,
  "trialInfo" : {
  "rollouts" : [
    {
      "rolloutId" : "648cada15dbc71671bb3aa1b",
      "factorPackIds" : [
        "65a81173096f6a1f1ba46525"
      ],
      "deploymentId" : 240000116
    },
    {
      "rolloutId" : "5ffde50ce2aacd000d47a95f",
      "factorPackIds" : [

      ],
      "deploymentId" : 240000550
    }
  ],
  "experiments" : [

  ]
}
}
